[    0.000000] microcode: microcode updated early to revision 0xb4, date = 2019-04-01
[    0.000000] Linux version 4.15.0-55-generic (buildd@lcy01-amd64-029) (gcc version 7.4.0 (Ubuntu 7.4.0-1ubuntu1~18.04.1)) #60-Ubuntu SMP Tue Jul 2 18:22:20 UTC 2019 (Ubuntu 4.15.0-55.60-generic 4.15.18)
[    0.000000] Command line: BOOT_IMAGE=/boot/vmlinuz-4.15.0-55-generic root=UUID=c445b681-4605-4112-bd5d-47d93ee8d6ba ro quiet splash vt.handoff=1
[    0.000000] KERNEL supported cpus:
[    0.000000]   Intel GenuineIntel
[    0.000000]   AMD AuthenticAMD
[    0.000000]   Centaur CentaurHauls
[    0.000000] x86/fpu: Supporting XSAVE feature 0x001: 'x87 floating point registers'
[    0.000000] x86/fpu: Supporting XSAVE feature 0x002: 'SSE registers'
[    0.000000] x86/fpu: Supporting XSAVE feature 0x004: 'AVX registers'
[    0.000000] x86/fpu: Supporting XSAVE feature 0x008: 'MPX bounds registers'
[    0.000000] x86/fpu: Supporting XSAVE feature 0x010: 'MPX CSR'
[    0.000000] x86/fpu: xstate_offset[2]:  576, xstate_sizes[2]:  256
[    0.000000] x86/fpu: xstate_offset[3]:  832, xstate_sizes[3]:   64
[    0.000000] x86/fpu: xstate_offset[4]:  896, xstate_sizes[4]:   64
[    0.000000] x86/fpu: Enabled xstate features 0x1f, context size is 960 bytes, using 'compacted' format.
[    0.000000] e820: BIOS-provided physical RAM map:
[    0.000000] BIOS-e820: [mem 0x0000000000000000-0x000000000009c7ff] usable
[    0.000000] BIOS-e820: [mem 0x000000000009c800-0x000000000009ffff] reserved
[    0.000000] BIOS-e820: [mem 0x00000000000e0000-0x00000000000fffff] reserved
[    0.000000] BIOS-e820: [mem 0x0000000000100000-0x00000000bfea7fff] usable
[    0.000000] BIOS-e820: [mem 0x00000000bfea8000-0x00000000bfea8fff] ACPI NVS
[    0.000000] BIOS-e820: [mem 0x00000000bfea9000-0x00000000bfea9fff] reserved
[    0.000000] BIOS-e820: [mem 0x00000000bfeaa000-0x00000000c8ad2fff] usable
[    0.000000] BIOS-e820: [mem 0x00000000c8ad3000-0x00000000c8fa3fff] reserved
[    0.000000] BIOS-e820: [mem 0x00000000c8fa4000-0x00000000c913bfff] usable
[    0.000000] BIOS-e820: [mem 0x00000000c913c000-0x00000000c94e5fff] ACPI NVS
[    0.000000] BIOS-e820: [mem 0x00000000c94e6000-0x00000000c9ffefff] reserved
[    0.000000] BIOS-e820: [mem 0x00000000c9fff000-0x00000000c9ffffff] usable
[    0.000000] BIOS-e820: [mem 0x00000000ca000000-0x00000000cf7fffff] reserved
[    0.000000] BIOS-e820: [mem 0x00000000f8000000-0x00000000fbffffff] reserved
[    0.000000] BIOS-e820: [mem 0x00000000fe000000-0x00000000fe010fff] reserved
[    0.000000] BIOS-e820: [mem 0x00000000fec00000-0x00000000fec00fff] reserved
[    0.000000] BIOS-e820: [mem 0x00000000fed00000-0x00000000fed00fff] reserved
[    0.000000] BIOS-e820: [mem 0x00000000fee00000-0x00000000fee00fff] reserved
[    0.000000] BIOS-e820: [mem 0x00000000ff000000-0x00000000ffffffff] reserved
[    0.000000] BIOS-e820: [mem 0x0000000100000000-0x000000042f7fffff] usable
[    0.000000] NX (Execute Disable) protection: active
[    0.000000] SMBIOS 3.1.1 present.
[    0.000000] DMI: Gigabyte Technology Co., Ltd. H310M H 2.0/H310M H 2.0, BIOS F10 09/20/2018
[    0.000000] e820: update [mem 0x00000000-0x00000fff] usable ==> reserved
[    0.000000] e820: remove [mem 0x000a0000-0x000fffff] usable
[    0.000000] e820: last_pfn = 0x42f800 max_arch_pfn = 0x400000000
[    0.000000] MTRR default type: write-back
[    0.000000] MTRR fixed ranges enabled:
[    0.000000]   00000-9FFFF write-back
[    0.000000]   A0000-BFFFF uncachable
[    0.000000]   C0000-FFFFF write-protect
[    0.000000] MTRR variable ranges enabled:
[    0.000000]   0 base 00E0000000 mask 7FE0000000 uncachable
[    0.000000]   1 base 00D0000000 mask 7FF0000000 uncachable
[    0.000000]   2 base 00CC000000 mask 7FFC000000 uncachable
[    0.000000]   3 base 00CB000000 mask 7FFF000000 uncachable
[    0.000000]   4 disabled
[    0.000000]   5 disabled
[    0.000000]   6 disabled
[    0.000000]   7 disabled
[    0.000000]   8 disabled
[    0.000000]   9 disabled
[    0.000000] x86/PAT: Configuration [0-7]: WB  WC  UC- UC  WB  WP  UC- WT  
[    0.000000] e820: last_pfn = 0xca000 max_arch_pfn = 0x400000000
[    0.000000] found SMP MP-table at [mem 0x000fcd40-0x000fcd4f] mapped at [        (ptrval)]
[    0.000000] Scanning 1 areas for low memory corruption
[    0.000000] Base memory trampoline at [        (ptrval)] 96000 size 24576
[    0.000000] Using GB pages for direct mapping
[    0.000000] BRK [0x33433f000, 0x33433ffff] PGTABLE
[    0.000000] BRK [0x334340000, 0x334340fff] PGTABLE
[    0.000000] BRK [0x334341000, 0x334341fff] PGTABLE
[    0.000000] BRK [0x334342000, 0x334342fff] PGTABLE
[    0.000000] BRK [0x334343000, 0x334343fff] PGTABLE
[    0.000000] BRK [0x334344000, 0x334344fff] PGTABLE
[    0.000000] BRK [0x334345000, 0x334345fff] PGTABLE
[    0.000000] BRK [0x334346000, 0x334346fff] PGTABLE
[    0.000000] BRK [0x334347000, 0x334347fff] PGTABLE
[    0.000000] BRK [0x334348000, 0x334348fff] PGTABLE
[    0.000000] BRK [0x334349000, 0x334349fff] PGTABLE
[    0.000000] BRK [0x33434a000, 0x33434afff] PGTABLE
[    0.000000] RAMDISK: [mem 0x33431000-0x35a0ffff]
[    0.000000] ACPI: Early table checksum verification disabled
[    0.000000] ACPI: RSDP 0x00000000000F05B0 000024 (v02 ALASKA)
[    0.000000] ACPI: XSDT 0x00000000C913C0B0 0000DC (v01 ALASKA A M I    01072009 AMI  00010013)
[    0.000000] ACPI: FACP 0x00000000C91638E8 000114 (v06 ALASKA A M I    01072009 AMI  00010013)
[    0.000000] ACPI: DSDT 0x00000000C913C220 0276C5 (v02 ALASKA A M I    01072009 INTL 20160422)
[    0.000000] ACPI: FACS 0x00000000C94E5F00 000040
[    0.000000] ACPI: APIC 0x00000000C9163A00 000084 (v03 ALASKA A M I    01072009 AMI  00010013)
[    0.000000] ACPI: FPDT 0x00000000C9163A88 000044 (v01 ALASKA A M I    01072009 AMI  00010013)
[    0.000000] ACPI: FIDT 0x00000000C9163AD0 00009C (v01 ALASKA A M I    01072009 AMI  00010013)
[    0.000000] ACPI: MCFG 0x00000000C9163B70 00003C (v01 ALASKA A M I    01072009 MSFT 00000097)
[    0.000000] ACPI: SSDT 0x00000000C9163BB0 00020B (v01 ALASKA A M I    00001000 INTL 20160422)
[    0.000000] ACPI: SSDT 0x00000000C9163DC0 0072D2 (v01 ALASKA A M I    00000001 INTL 20160422)
[    0.000000] ACPI: SSDT 0x00000000C916B098 003165 (v02 ALASKA A M I    00003000 INTL 20160422)
[    0.000000] ACPI: HPET 0x00000000C916E200 000038 (v01 ALASKA A M I    00000001 MSFT 0000005F)
[    0.000000] ACPI: SSDT 0x00000000C916E238 0011AA (v02 ALASKA A M I    00001000 INTL 20160422)
[    0.000000] ACPI: SSDT 0x00000000C916F3E8 002AD7 (v02 ALASKA A M I    00000000 INTL 20160422)
[    0.000000] ACPI: UEFI 0x00000000C9171EC0 000048 (v01 ALASKA A M I    00000002      01000013)
[    0.000000] ACPI: SSDT 0x00000000C9171F08 0017AE (v02 ALASKA A M I    00003000 INTL 20160422)
[    0.000000] ACPI: LPIT 0x00000000C91736B8 000094 (v01 ALASKA A M I    00000000 MSFT 0000005F)
[    0.000000] ACPI: SSDT 0x00000000C9173750 000141 (v02 ALASKA A M I    00000000 INTL 20160422)
[    0.000000] ACPI: SSDT 0x00000000C9173898 00029F (v02 ALASKA A M I    00000000 INTL 20160422)
[    0.000000] ACPI: SSDT 0x00000000C9173B38 003002 (v02 ALASKA A M I    00001000 INTL 20160422)
[    0.000000] ACPI: SSDT 0x00000000C9176B40 000517 (v02 ALASKA A M I    00000000 INTL 20160422)
[    0.000000] ACPI: SSDT 0x00000000C9177058 0002E9 (v02 ALASKA A M I    00000001 INTL 20160422)
[    0.000000] ACPI: DBGP 0x00000000C9177348 000034 (v01 ALASKA A M I    00000002 MSFT 0000005F)
[    0.000000] ACPI: DBG2 0x00000000C9177380 000054 (v00 ALASKA A M I    00000002 MSFT 0000005F)
[    0.000000] ACPI: DMAR 0x00000000C91773D8 0000A8 (v01 ALASKA A M I    00000001 INTL 00000001)
[    0.000000] ACPI: WSMT 0x00000000C9177480 000028 (v01 ALASKA A M I    01072009 AMI  00010013)
[    0.000000] ACPI: Local APIC address 0xfee00000
[    0.000000] No NUMA configuration found
[    0.000000] Faking a node at [mem 0x0000000000000000-0x000000042f7fffff]
[    0.000000] NODE_DATA(0) allocated [mem 0x42f7d5000-0x42f7fffff]
[    0.000000] Zone ranges:
[    0.000000]   DMA      [mem 0x0000000000001000-0x0000000000ffffff]
[    0.000000]   DMA32    [mem 0x0000000001000000-0x00000000ffffffff]
[    0.000000]   Normal   [mem 0x0000000100000000-0x000000042f7fffff]
[    0.000000]   Device   empty
[    0.000000] Movable zone start for each node
[    0.000000] Early memory node ranges
[    0.000000]   node   0: [mem 0x0000000000001000-0x000000000009bfff]
[    0.000000]   node   0: [mem 0x0000000000100000-0x00000000bfea7fff]
[    0.000000]   node   0: [mem 0x00000000bfeaa000-0x00000000c8ad2fff]
[    0.000000]   node   0: [mem 0x00000000c8fa4000-0x00000000c913bfff]
[    0.000000]   node   0: [mem 0x00000000c9fff000-0x00000000c9ffffff]
[    0.000000]   node   0: [mem 0x0000000100000000-0x000000042f7fffff]
[    0.000000] Reserved but unavailable: 29691 pages
[    0.000000] Initmem setup node 0 [mem 0x0000000000001000-0x000000042f7fffff]
[    0.000000] On node 0 totalpages: 4162565
[    0.000000]   DMA zone: 64 pages used for memmap
[    0.000000]   DMA zone: 21 pages reserved
[    0.000000]   DMA zone: 3995 pages, LIFO batch:0
[    0.000000]   DMA32 zone: 12786 pages used for memmap
[    0.000000]   DMA32 zone: 818282 pages, LIFO batch:31
[    0.000000]   Normal zone: 52192 pages used for memmap
[    0.000000]   Normal zone: 3340288 pages, LIFO batch:31
[    0.000000] Reserving Intel graphics memory at 0x00000000cb800000-0x00000000cf7fffff
[    0.000000] ACPI: PM-Timer IO Port: 0x1808
[    0.000000] ACPI: Local APIC address 0xfee00000
[    0.000000] ACPI: LAPIC_NMI (acpi_id[0x01] high edge lint[0x1])
[    0.000000] ACPI: LAPIC_NMI (acpi_id[0x02] high edge lint[0x1])
[    0.000000] ACPI: LAPIC_NMI (acpi_id[0x03] high edge lint[0x1])
[    0.000000] ACPI: LAPIC_NMI (acpi_id[0x04] high edge lint[0x1])
[    0.000000] IOAPIC[0]: apic_id 2, version 32, address 0xfec00000, GSI 0-119
[    0.000000] ACPI: INT_SRC_OVR (bus 0 bus_irq 0 global_irq 2 dfl dfl)
[    0.000000] ACPI: INT_SRC_OVR (bus 0 bus_irq 9 global_irq 9 high level)
[    0.000000] ACPI: IRQ0 used by override.
[    0.000000] ACPI: IRQ9 used by override.
[    0.000000] Using ACPI (MADT) for SMP configuration information
[    0.000000] ACPI: HPET id: 0x8086a201 base: 0xfed00000
[    0.000000] smpboot: Allowing 4 CPUs, 0 hotplug CPUs
[    0.000000] PM: Registered nosave memory: [mem 0x00000000-0x00000fff]
[    0.000000] PM: Registered nosave memory: [mem 0x0009c000-0x0009cfff]
[    0.000000] PM: Registered nosave memory: [mem 0x0009d000-0x0009ffff]
[    0.000000] PM: Registered nosave memory: [mem 0x000a0000-0x000dffff]
[    0.000000] PM: Registered nosave memory: [mem 0x000e0000-0x000fffff]
[    0.000000] PM: Registered nosave memory: [mem 0xbfea8000-0xbfea8fff]
[    0.000000] PM: Registered nosave memory: [mem 0xbfea9000-0xbfea9fff]
[    0.000000] PM: Registered nosave memory: [mem 0xc8ad3000-0xc8fa3fff]
[    0.000000] PM: Registered nosave memory: [mem 0xc913c000-0xc94e5fff]
[    0.000000] PM: Registered nosave memory: [mem 0xc94e6000-0xc9ffefff]
[    0.000000] PM: Registered nosave memory: [mem 0xca000000-0xcf7fffff]
[    0.000000] PM: Registered nosave memory: [mem 0xcf800000-0xf7ffffff]
[    0.000000] PM: Registered nosave memory: [mem 0xf8000000-0xfbffffff]
[    0.000000] PM: Registered nosave memory: [mem 0xfc000000-0xfdffffff]
[    0.000000] PM: Registered nosave memory: [mem 0xfe000000-0xfe010fff]
[    0.000000] PM: Registered nosave memory: [mem 0xfe011000-0xfebfffff]
[    0.000000] PM: Registered nosave memory: [mem 0xfec00000-0xfec00fff]
[    0.000000] PM: Registered nosave memory: [mem 0xfec01000-0xfecfffff]
[    0.000000] PM: Registered nosave memory: [mem 0xfed00000-0xfed00fff]
[    0.000000] PM: Registered nosave memory: [mem 0xfed01000-0xfedfffff]
[    0.000000] PM: Registered nosave memory: [mem 0xfee00000-0xfee00fff]
[    0.000000] PM: Registered nosave memory: [mem 0xfee01000-0xfeffffff]
[    0.000000] PM: Registered nosave memory: [mem 0xff000000-0xffffffff]
[    0.000000] e820: [mem 0xcf800000-0xf7ffffff] available for PCI devices
[    0.000000] Booting paravirtualized kernel on bare hardware
[    0.000000] clocksource: refined-jiffies: mask: 0xffffffff max_cycles: 0xffffffff, max_idle_ns: 7645519600211568 ns
[    0.000000] random: get_random_bytes called from start_kernel+0x99/0x4fd with crng_init=0
[    0.000000] setup_percpu: NR_CPUS:8192 nr_cpumask_bits:4 nr_cpu_ids:4 nr_node_ids:1
[    0.000000] percpu: Embedded 46 pages/cpu @        (ptrval) s151552 r8192 d28672 u524288
[    0.000000] pcpu-alloc: s151552 r8192 d28672 u524288 alloc=1*2097152
[    0.000000] pcpu-alloc: [0] 0 1 2 3 
[    0.000000] Built 1 zonelists, mobility grouping on.  Total pages: 4097502
[    0.000000] Policy zone: Normal
[    0.000000] Kernel command line: BOOT_IMAGE=/boot/vmlinuz-4.15.0-55-generic root=UUID=c445b681-4605-4112-bd5d-47d93ee8d6ba ro quiet splash vt.handoff=1
[    0.000000] Calgary: detecting Calgary via BIOS EBDA area
[    0.000000] Calgary: Unable to locate Rio Grande table in EBDA - bailing!
[    0.000000] Memory: 16254384K/16650260K available (12300K kernel code, 2473K rwdata, 4276K rodata, 2408K init, 2416K bss, 395876K reserved, 0K cma-reserved)
[    0.000000] SLUB: HWalign=64, Order=0-3, MinObjects=0, CPUs=4, Nodes=1
[    0.000000] Kernel/User page tables isolation: enabled
[    0.000000] ftrace: allocating 39219 entries in 154 pages
[    0.000000] Hierarchical RCU implementation.
[    0.000000] 	RCU restricting CPUs from NR_CPUS=8192 to nr_cpu_ids=4.
[    0.000000] 	Tasks RCU enabled.
[    0.000000] RCU: Adjusting geometry for rcu_fanout_leaf=16, nr_cpu_ids=4
[    0.000000] NR_IRQS: 524544, nr_irqs: 1024, preallocated irqs: 16
[    0.000000] vt handoff: transparent VT on vt#1
[    0.000000] Console: colour dummy device 80x25
[    0.000000] console [tty0] enabled
[    0.000000] ACPI: Core revision 20170831
[    0.000000] ACPI: 12 ACPI AML tables successfully acquired and loaded
[    0.000000] clocksource: hpet: mask: 0xffffffff max_cycles: 0xffffffff, max_idle_ns: 79635855245 ns
[    0.000000] hpet clockevent registered
[    0.004000] APIC: Switch to symmetric I/O mode setup
[    0.004000] DMAR: Host address width 39
[    0.004000] DMAR: DRHD base: 0x000000fed90000 flags: 0x0
[    0.004000] DMAR: dmar0: reg_base_addr fed90000 ver 1:0 cap 1c0000c40660462 ecap 19e2ff0505e
[    0.004000] DMAR: DRHD base: 0x000000fed91000 flags: 0x1
[    0.004000] DMAR: dmar1: reg_base_addr fed91000 ver 1:0 cap d2008c40660462 ecap f050da
[    0.004000] DMAR: RMRR base: 0x000000c9928000 end: 0x000000c9b71fff
[    0.004000] DMAR: RMRR base: 0x000000cb000000 end: 0x000000cf7fffff
[    0.004000] DMAR-IR: IOAPIC id 2 under DRHD base  0xfed91000 IOMMU 1
[    0.004000] DMAR-IR: HPET id 0 under DRHD base 0xfed91000
[    0.004000] DMAR-IR: Queued invalidation will be enabled to support x2apic and Intr-remapping.
[    0.004000] DMAR-IR: Enabled IRQ remapping in x2apic mode
[    0.004000] x2apic enabled
[    0.004000] Switched APIC routing to cluster x2apic.
[    0.008000] ..TIMER: vector=0x30 apic1=0 pin1=2 apic2=-1 pin2=-1
[    0.028000] tsc: Detected 3600.000 MHz processor
[    0.028000] Calibrating delay loop (skipped), value calculated using timer frequency.. 7200.00 BogoMIPS (lpj=14400000)
[    0.028000] pid_max: default: 32768 minimum: 301
[    0.028000] Security Framework initialized
[    0.028000] Yama: becoming mindful.
[    0.028000] AppArmor: AppArmor initialized
[    0.028000] Dentry cache hash table entries: 2097152 (order: 12, 16777216 bytes)
[    0.028000] Inode-cache hash table entries: 1048576 (order: 11, 8388608 bytes)
[    0.028000] Mount-cache hash table entries: 32768 (order: 6, 262144 bytes)
[    0.028000] Mountpoint-cache hash table entries: 32768 (order: 6, 262144 bytes)
[    0.028000] mce: CPU supports 10 MCE banks
[    0.028000] CPU0: Thermal monitoring enabled (TM1)
[    0.028000] process: using mwait in idle threads
[    0.028000] Last level iTLB entries: 4KB 128, 2MB 8, 4MB 8
[    0.028000] Last level dTLB entries: 4KB 64, 2MB 0, 4MB 0, 1GB 4
[    0.028000] Spectre V2 : Mitigation: Full generic retpoline
[    0.028000] Spectre V2 : Spectre v2 / SpectreRSB mitigation: Filling RSB on context switch
[    0.028000] Spectre V2 : Enabling Restricted Speculation for firmware calls
[    0.028000] Spectre V2 : mitigation: Enabling conditional Indirect Branch Prediction Barrier
[    0.028000] Speculative Store Bypass: Mitigation: Speculative Store Bypass disabled via prctl and seccomp
[    0.028000] MDS: Mitigation: Clear CPU buffers
[    0.034345] Freeing SMP alternatives memory: 36K
[    0.035254] TSC deadline timer enabled
[    0.035259] smpboot: CPU0: Intel(R) Core(TM) i3-8100 CPU @ 3.60GHz (family: 0x6, model: 0x9e, stepping: 0xb)
[    0.035299] Performance Events: PEBS fmt3+, Skylake events, 32-deep LBR, full-width counters, Intel PMU driver.
[    0.035322] ... version:                4
[    0.035322] ... bit width:              48
[    0.035322] ... generic registers:      8
[    0.035323] ... value mask:             0000ffffffffffff
[    0.035323] ... max period:             00007fffffffffff
[    0.035323] ... fixed-purpose events:   3
[    0.035324] ... event mask:             00000007000000ff
[    0.035349] Hierarchical SRCU implementation.
[    0.035989] NMI watchdog: Enabled. Permanently consumes one hw-PMU counter.
[    0.035999] smp: Bringing up secondary CPUs ...
[    0.036000] x86: Booting SMP configuration:
[    0.036000] .... node  #0, CPUs:      #1 #2 #3
[    0.037256] smp: Brought up 1 node, 4 CPUs
[    0.037256] smpboot: Max logical packages: 1
[    0.037256] smpboot: Total of 4 processors activated (28800.00 BogoMIPS)
[    0.038212] devtmpfs: initialized
[    0.038212] x86/mm: Memory block size: 128MB
[    0.040607] evm: security.selinux
[    0.040607] evm: security.SMACK64
[    0.040607] evm: security.SMACK64EXEC
[    0.040608] evm: security.SMACK64TRANSMUTE
[    0.040608] evm: security.SMACK64MMAP
[    0.040608] evm: security.apparmor
[    0.040609] evm: security.ima
[    0.040609] evm: security.capability
[    0.040618] PM: Registering ACPI NVS region [mem 0xbfea8000-0xbfea8fff] (4096 bytes)
[    0.040618] PM: Registering ACPI NVS region [mem 0xc913c000-0xc94e5fff] (3842048 bytes)
[    0.040618] clocksource: jiffies: mask: 0xffffffff max_cycles: 0xffffffff, max_idle_ns: 7645041785100000 ns
[    0.040618] futex hash table entries: 1024 (order: 4, 65536 bytes)
[    0.040618] pinctrl core: initialized pinctrl subsystem
[    0.040618] RTC time:  0:51:32, date: 07/25/19
[    0.040618] NET: Registered protocol family 16
[    0.040618] audit: initializing netlink subsys (disabled)
[    0.040618] audit: type=2000 audit(1564015891.040:1): state=initialized audit_enabled=0 res=1
[    0.040618] cpuidle: using governor ladder
[    0.040618] cpuidle: using governor menu
[    0.040618] ACPI FADT declares the system doesn't support PCIe ASPM, so disable it
[    0.040618] ACPI: bus type PCI registered
[    0.040618] acpiphp: ACPI Hot Plug PCI Controller Driver version: 0.5
[    0.040618] PCI: MMCONFIG for domain 0000 [bus 00-3f] at [mem 0xf8000000-0xfbffffff] (base 0xf8000000)
[    0.040618] PCI: MMCONFIG at [mem 0xf8000000-0xfbffffff] reserved in E820
[    0.040618] PCI: Using configuration type 1 for base access
[    0.040793] HugeTLB registered 1.00 GiB page size, pre-allocated 0 pages
[    0.040793] HugeTLB registered 2.00 MiB page size, pre-allocated 0 pages
[    0.040793] ACPI: Added _OSI(Module Device)
[    0.040793] ACPI: Added _OSI(Processor Device)
[    0.040793] ACPI: Added _OSI(3.0 _SCP Extensions)
[    0.040793] ACPI: Added _OSI(Processor Aggregator Device)
[    0.040793] ACPI: Added _OSI(Linux-Dell-Video)
[    0.040793] ACPI: Added _OSI(Linux-Lenovo-NV-HDMI-Audio)
[    0.040793] ACPI: Added _OSI(Linux-HPI-Hybrid-Graphics)
[    0.044293] ACPI: Executed 34 blocks of module-level executable AML code
[    0.050914] ACPI Exception: Could not find/resolve named package element: \_SB_.PR00 (20170831/dspkginit-381)
[    1.052617] ACPI: Dynamic OEM Table Load:
[    1.052622] ACPI: SSDT 0xFFFF9AB51CBE1000 000738 (v02 PmRef  Cpu0Ist  00003000 INTL 20160422)
[    1.052823] ACPI: Executed 1 blocks of module-level executable AML code
[    1.052893] ACPI: \_PR_.PR00: _OSC native thermal LVT Acked
[    1.054087] ACPI: Dynamic OEM Table Load:
[    1.054090] ACPI: SSDT 0xFFFF9AB51C56C000 0003FF (v02 PmRef  Cpu0Cst  00003001 INTL 20160422)
[    1.054276] ACPI: Executed 1 blocks of module-level executable AML code
[    1.054409] ACPI: Dynamic OEM Table Load:
[    1.054412] ACPI: SSDT 0xFFFF9AB51C607D80 0000BA (v02 PmRef  Cpu0Hwp  00003000 INTL 20160422)
[    1.054570] ACPI: Executed 1 blocks of module-level executable AML code
[    1.054687] ACPI: Dynamic OEM Table Load:
[    1.054690] ACPI: SSDT 0xFFFF9AB51CBE7000 000628 (v02 PmRef  HwpLvt   00003000 INTL 20160422)
[    1.054844] ACPI: Executed 1 blocks of module-level executable AML code
[    1.055280] ACPI: Dynamic OEM Table Load:
[    1.055285] ACPI: SSDT 0xFFFF9AB51E940000 000D14 (v02 PmRef  ApIst    00003000 INTL 20160422)
[    1.056009] ACPI: Executed 1 blocks of module-level executable AML code
[    1.056154] ACPI: Dynamic OEM Table Load:
[    1.056157] ACPI: SSDT 0xFFFF9AB51C56C800 000317 (v02 PmRef  ApHwp    00003000 INTL 20160422)
[    1.056381] ACPI: Executed 1 blocks of module-level executable AML code
[    1.056529] ACPI: Dynamic OEM Table Load:
[    1.056532] ACPI: SSDT 0xFFFF9AB51C56E000 00030A (v02 PmRef  ApCst    00003000 INTL 20160422)
[    1.056758] ACPI: Executed 1 blocks of module-level executable AML code
[    1.059028] ACPI: Interpreter enabled
[    1.059059] ACPI: (supports S0 S3 S4 S5)
[    1.059060] ACPI: Using IOAPIC for interrupt routing
[    1.059089] PCI: Using host bridge windows from ACPI; if necessary, use "pci=nocrs" and report a bug
[    1.059939] ACPI: Enabled 6 GPEs in block 00 to 7F
[    1.082482] ACPI: Power Resource [FN00] (off)
[    1.082561] ACPI: Power Resource [FN01] (off)
[    1.082639] ACPI: Power Resource [FN02] (off)
[    1.082718] ACPI: Power Resource [FN03] (off)
[    1.082796] ACPI: Power Resource [FN04] (off)
[    1.084112] ACPI: PCI Root Bridge [PCI0] (domain 0000 [bus 00-3e])
[    1.084116] acpi PNP0A08:00: _OSC: OS supports [ExtendedConfig ASPM ClockPM Segments MSI]
[    1.084265] acpi PNP0A08:00: _OSC: platform does not support [PCIeHotplug PME]
[    1.084405] acpi PNP0A08:00: _OSC: OS now controls [AER PCIeCapability]
[    1.084405] acpi PNP0A08:00: FADT indicates ASPM is unsupported, using BIOS configuration
[    1.085091] PCI host bridge to bus 0000:00
[    1.085093] pci_bus 0000:00: root bus resource [io  0x0000-0x0cf7 window]
[    1.085094] pci_bus 0000:00: root bus resource [io  0x0d00-0xffff window]
[    1.085095] pci_bus 0000:00: root bus resource [mem 0x000a0000-0x000bffff window]
[    1.085096] pci_bus 0000:00: root bus resource [mem 0xcf800000-0xf7ffffff window]
[    1.085097] pci_bus 0000:00: root bus resource [mem 0xfd000000-0xfe7fffff window]
[    1.085098] pci_bus 0000:00: root bus resource [bus 00-3e]
[    1.085104] pci 0000:00:00.0: [8086:3e1f] type 00 class 0x060000
[    1.085379] pci 0000:00:02.0: [8086:3e91] type 00 class 0x030000
[    1.085386] pci 0000:00:02.0: reg 0x10: [mem 0xf6000000-0xf6ffffff 64bit]
[    1.085390] pci 0000:00:02.0: reg 0x18: [mem 0xe0000000-0xefffffff 64bit pref]
[    1.085393] pci 0000:00:02.0: reg 0x20: [io  0xf000-0xf03f]
[    1.085527] pci 0000:00:08.0: [8086:1911] type 00 class 0x088000
[    1.085535] pci 0000:00:08.0: reg 0x10: [mem 0xf712e000-0xf712efff 64bit]
[    1.085672] pci 0000:00:14.0: [8086:a2af] type 00 class 0x0c0330
[    1.085691] pci 0000:00:14.0: reg 0x10: [mem 0xf7110000-0xf711ffff 64bit]
[    1.085751] pci 0000:00:14.0: PME# supported from D3hot D3cold
[    1.085948] pci 0000:00:16.0: [8086:a2ba] type 00 class 0x078000
[    1.085972] pci 0000:00:16.0: reg 0x10: [mem 0xf712d000-0xf712dfff 64bit]
[    1.086038] pci 0000:00:16.0: PME# supported from D3hot
[    1.086206] pci 0000:00:17.0: [8086:a282] type 00 class 0x010601
[    1.086221] pci 0000:00:17.0: reg 0x10: [mem 0xf7128000-0xf7129fff]
[    1.086228] pci 0000:00:17.0: reg 0x14: [mem 0xf712c000-0xf712c0ff]
[    1.086234] pci 0000:00:17.0: reg 0x18: [io  0xf090-0xf097]
[    1.086241] pci 0000:00:17.0: reg 0x1c: [io  0xf080-0xf083]
[    1.086247] pci 0000:00:17.0: reg 0x20: [io  0xf060-0xf07f]
[    1.086253] pci 0000:00:17.0: reg 0x24: [mem 0xf712b000-0xf712b7ff]
[    1.086288] pci 0000:00:17.0: PME# supported from D3hot
[    1.086417] pci 0000:00:1c.0: [8086:a294] type 01 class 0x060400
[    1.086476] pci 0000:00:1c.0: PME# supported from D0 D3hot D3cold
[    1.086639] pci 0000:00:1c.5: [8086:a295] type 01 class 0x060400
[    1.086697] pci 0000:00:1c.5: PME# supported from D0 D3hot D3cold
[    1.086847] pci 0000:00:1c.6: [8086:a296] type 01 class 0x060400
[    1.086906] pci 0000:00:1c.6: PME# supported from D0 D3hot D3cold
[    1.087053] pci 0000:00:1c.7: [8086:a297] type 01 class 0x060400
[    1.087113] pci 0000:00:1c.7: PME# supported from D0 D3hot D3cold
[    1.087260] pci 0000:00:1d.0: [8086:a298] type 01 class 0x060400
[    1.087326] pci 0000:00:1d.0: PME# supported from D0 D3hot D3cold
[    1.087476] pci 0000:00:1d.2: [8086:a29a] type 01 class 0x060400
[    1.087542] pci 0000:00:1d.2: PME# supported from D0 D3hot D3cold
[    1.087709] pci 0000:00:1f.0: [8086:a2ca] type 00 class 0x060100
[    1.087924] pci 0000:00:1f.2: [8086:a2a1] type 00 class 0x058000
[    1.087939] pci 0000:00:1f.2: reg 0x10: [mem 0xf7124000-0xf7127fff]
[    1.088103] pci 0000:00:1f.3: [8086:a2f0] type 00 class 0x040300
[    1.088130] pci 0000:00:1f.3: reg 0x10: [mem 0xf7120000-0xf7123fff 64bit]
[    1.088160] pci 0000:00:1f.3: reg 0x20: [mem 0xf7100000-0xf710ffff 64bit]
[    1.088205] pci 0000:00:1f.3: PME# supported from D3hot D3cold
[    1.088409] pci 0000:00:1f.4: [8086:a2a3] type 00 class 0x0c0500
[    1.088468] pci 0000:00:1f.4: reg 0x10: [mem 0xf712a000-0xf712a0ff 64bit]
[    1.088537] pci 0000:00:1f.4: reg 0x20: [io  0xf040-0xf05f]
[    1.088772] pci 0000:00:1c.0: PCI bridge to [bus 01]
[    1.088827] pci 0000:00:1c.5: PCI bridge to [bus 02]
[    1.088882] pci 0000:00:1c.6: PCI bridge to [bus 03]
[    1.088960] pci 0000:04:00.0: [10ec:8168] type 00 class 0x020000
[    1.088987] pci 0000:04:00.0: reg 0x10: [io  0xe000-0xe0ff]
[    1.089012] pci 0000:04:00.0: reg 0x18: [mem 0xf7004000-0xf7004fff 64bit]
[    1.089027] pci 0000:04:00.0: reg 0x20: [mem 0xf7000000-0xf7003fff 64bit]
[    1.089117] pci 0000:04:00.0: supports D1 D2
[    1.089118] pci 0000:04:00.0: PME# supported from D0 D1 D2 D3hot D3cold
[    1.089199] pci 0000:00:1c.7: PCI bridge to [bus 04]
[    1.089201] pci 0000:00:1c.7:   bridge window [io  0xe000-0xefff]
[    1.089204] pci 0000:00:1c.7:   bridge window [mem 0xf7000000-0xf70fffff]
[    1.089260] pci 0000:00:1d.0: PCI bridge to [bus 05]
[    1.089317] pci 0000:00:1d.2: PCI bridge to [bus 06]
[    1.090409] ACPI: PCI Interrupt Link [LNKA] (IRQs 3 4 5 6 10 *11 12 14 15)
[    1.090460] ACPI: PCI Interrupt Link [LNKB] (IRQs 3 4 5 6 *10 11 12 14 15)
[    1.090509] ACPI: PCI Interrupt Link [LNKC] (IRQs 3 4 5 6 10 *11 12 14 15)
[    1.090559] ACPI: PCI Interrupt Link [LNKD] (IRQs 3 4 5 6 10 *11 12 14 15)
[    1.090608] ACPI: PCI Interrupt Link [LNKE] (IRQs 3 4 5 6 10 *11 12 14 15)
[    1.090657] ACPI: PCI Interrupt Link [LNKF] (IRQs 3 4 5 6 10 *11 12 14 15)
[    1.090706] ACPI: PCI Interrupt Link [LNKG] (IRQs 3 4 5 6 10 *11 12 14 15)
[    1.090755] ACPI: PCI Interrupt Link [LNKH] (IRQs 3 4 5 6 10 *11 12 14 15)
[    1.091352] SCSI subsystem initialized
[    1.091359] libata version 3.00 loaded.
[    1.091359] pci 0000:00:02.0: vgaarb: setting as boot VGA device
[    1.091359] pci 0000:00:02.0: vgaarb: VGA device added: decodes=io+mem,owns=io+mem,locks=none
[    1.091359] pci 0000:00:02.0: vgaarb: bridge control possible
[    1.091359] vgaarb: loaded
[    1.091359] ACPI: bus type USB registered
[    1.091359] usbcore: registered new interface driver usbfs
[    1.091359] usbcore: registered new interface driver hub
[    1.091359] usbcore: registered new device driver usb
[    1.091359] EDAC MC: Ver: 3.0.0
[    1.091359] PCI: Using ACPI for IRQ routing
[    1.094320] PCI: pci_cache_line_size set to 64 bytes
[    1.094357] e820: reserve RAM buffer [mem 0x0009c800-0x0009ffff]
[    1.094358] e820: reserve RAM buffer [mem 0xbfea8000-0xbfffffff]
[    1.094359] e820: reserve RAM buffer [mem 0xc8ad3000-0xcbffffff]
[    1.094359] e820: reserve RAM buffer [mem 0xc913c000-0xcbffffff]
[    1.094360] e820: reserve RAM buffer [mem 0xca000000-0xcbffffff]
[    1.094361] e820: reserve RAM buffer [mem 0x42f800000-0x42fffffff]
[    1.094418] NetLabel: Initializing
[    1.094418] NetLabel:  domain hash size = 128
[    1.094418] NetLabel:  protocols = UNLABELED CIPSOv4 CALIPSO
[    1.094427] NetLabel:  unlabeled traffic allowed by default
[    1.096382] hpet0: at MMIO 0xfed00000, IRQs 2, 8, 0, 0, 0, 0, 0, 0
[    1.096386] hpet0: 8 comparators, 64-bit 24.000000 MHz counter
[    1.100014] clocksource: Switched to clocksource hpet
[    1.106683] VFS: Disk quotas dquot_6.6.0
[    1.106692] VFS: Dquot-cache hash table entries: 512 (order 0, 4096 bytes)
[    1.106752] AppArmor: AppArmor Filesystem Enabled
[    1.106764] pnp: PnP ACPI init
[    1.106974] system 00:00: [io  0x0a00-0x0a2f] has been reserved
[    1.106976] system 00:00: [io  0x0a30-0x0a3f] has been reserved
[    1.106976] system 00:00: [io  0x0a40-0x0a4f] has been reserved
[    1.106980] system 00:00: Plug and Play ACPI device, IDs PNP0c02 (active)
[    1.107012] pnp 00:01: Plug and Play ACPI device, IDs PNP0303 PNP030b (active)
[    1.107139] system 00:02: [io  0x0680-0x069f] has been reserved
[    1.107140] system 00:02: [io  0xffff] has been reserved
[    1.107141] system 00:02: [io  0xffff] has been reserved
[    1.107142] system 00:02: [io  0xffff] has been reserved
[    1.107143] system 00:02: [io  0x1800-0x18fe] has been reserved
[    1.107144] system 00:02: [io  0x164e-0x164f] has been reserved
[    1.107146] system 00:02: Plug and Play ACPI device, IDs PNP0c02 (active)
[    1.107215] system 00:03: [io  0x0800-0x087f] has been reserved
[    1.107217] system 00:03: Plug and Play ACPI device, IDs PNP0c02 (active)
[    1.107230] pnp 00:04: Plug and Play ACPI device, IDs PNP0b00 (active)
[    1.107255] system 00:05: [io  0x1854-0x1857] has been reserved
[    1.107257] system 00:05: Plug and Play ACPI device, IDs INT3f0d PNP0c02 (active)
[    1.107451] system 00:06: [mem 0xfed10000-0xfed17fff] has been reserved
[    1.107453] system 00:06: [mem 0xfed18000-0xfed18fff] has been reserved
[    1.107454] system 00:06: [mem 0xfed19000-0xfed19fff] has been reserved
[    1.107455] system 00:06: [mem 0xf8000000-0xfbffffff] has been reserved
[    1.107456] system 00:06: [mem 0xfed20000-0xfed3ffff] has been reserved
[    1.107457] system 00:06: [mem 0xfed90000-0xfed93fff] could not be reserved
[    1.107458] system 00:06: [mem 0xfed45000-0xfed8ffff] has been reserved
[    1.107459] system 00:06: [mem 0xff000000-0xffffffff] has been reserved
[    1.107460] system 00:06: [mem 0xfee00000-0xfeefffff] could not be reserved
[    1.107461] system 00:06: [mem 0xf7fe0000-0xf7ffffff] has been reserved
[    1.107463] system 00:06: Plug and Play ACPI device, IDs PNP0c02 (active)
[    1.107493] system 00:07: [mem 0xfd000000-0xfdabffff] has been reserved
[    1.107494] system 00:07: [mem 0xfdad0000-0xfdadffff] has been reserved
[    1.107495] system 00:07: [mem 0xfdb00000-0xfdffffff] has been reserved
[    1.107496] system 00:07: [mem 0xfe000000-0xfe01ffff] could not be reserved
[    1.107497] system 00:07: [mem 0xfe036000-0xfe03bfff] has been reserved
[    1.107498] system 00:07: [mem 0xfe03d000-0xfe3fffff] has been reserved
[    1.107499] system 00:07: [mem 0xfe410000-0xfe7fffff] has been reserved
[    1.107501] system 00:07: Plug and Play ACPI device, IDs PNP0c02 (active)
[    1.107738] system 00:08: [io  0xff00-0xfffe] has been reserved
[    1.107741] system 00:08: Plug and Play ACPI device, IDs PNP0c02 (active)
[    1.108755] system 00:09: [mem 0xfdaf0000-0xfdafffff] has been reserved
[    1.108756] system 00:09: [mem 0xfdae0000-0xfdaeffff] has been reserved
[    1.108757] system 00:09: [mem 0xfdac0000-0xfdacffff] has been reserved
[    1.108760] system 00:09: Plug and Play ACPI device, IDs PNP0c02 (active)
[    1.109507] pnp: PnP ACPI: found 10 devices
[    1.116655] clocksource: acpi_pm: mask: 0xffffff max_cycles: 0xffffff, max_idle_ns: 2085701024 ns
[    1.116686] pci 0000:00:1c.0: PCI bridge to [bus 01]
[    1.116693] pci 0000:00:1c.5: PCI bridge to [bus 02]
[    1.116700] pci 0000:00:1c.6: PCI bridge to [bus 03]
[    1.116707] pci 0000:00:1c.7: PCI bridge to [bus 04]
[    1.116708] pci 0000:00:1c.7:   bridge window [io  0xe000-0xefff]
[    1.116711] pci 0000:00:1c.7:   bridge window [mem 0xf7000000-0xf70fffff]
[    1.116716] pci 0000:00:1d.0: PCI bridge to [bus 05]
[    1.116724] pci 0000:00:1d.2: PCI bridge to [bus 06]
[    1.116732] pci_bus 0000:00: resource 4 [io  0x0000-0x0cf7 window]
[    1.116733] pci_bus 0000:00: resource 5 [io  0x0d00-0xffff window]
[    1.116734] pci_bus 0000:00: resource 6 [mem 0x000a0000-0x000bffff window]
[    1.116734] pci_bus 0000:00: resource 7 [mem 0xcf800000-0xf7ffffff window]
[    1.116735] pci_bus 0000:00: resource 8 [mem 0xfd000000-0xfe7fffff window]
[    1.116736] pci_bus 0000:04: resource 0 [io  0xe000-0xefff]
[    1.116737] pci_bus 0000:04: resource 1 [mem 0xf7000000-0xf70fffff]
[    1.116856] NET: Registered protocol family 2
[    1.116963] TCP established hash table entries: 131072 (order: 8, 1048576 bytes)
[    1.117078] TCP bind hash table entries: 65536 (order: 8, 1048576 bytes)
[    1.117153] TCP: Hash tables configured (established 131072 bind 65536)
[    1.117174] UDP hash table entries: 8192 (order: 6, 262144 bytes)
[    1.117200] UDP-Lite hash table entries: 8192 (order: 6, 262144 bytes)
[    1.117239] NET: Registered protocol family 1
[    1.117247] pci 0000:00:02.0: Video device with shadowed ROM at [mem 0x000c0000-0x000dffff]
[    1.118074] PCI: CLS 64 bytes, default 64
[    1.118094] Unpacking initramfs...
[    1.495355] Freeing initrd memory: 38780K
[    1.495387] PCI-DMA: Using software bounce buffering for IO (SWIOTLB)
[    1.495389] software IO TLB [mem 0xc4ad3000-0xc8ad3000] (64MB) mapped at [        (ptrval)-        (ptrval)]
[    1.495528] clocksource: tsc: mask: 0xffffffffffffffff max_cycles: 0x33e452fbb2f, max_idle_ns: 440795236593 ns
[    1.495631] Scanning for low memory corruption every 60 seconds
[    1.496139] Initialise system trusted keyrings
[    1.496144] Key type blacklist registered
[    1.496200] workingset: timestamp_bits=36 max_order=22 bucket_order=0
[    1.496847] zbud: loaded
[    1.497214] squashfs: version 4.0 (2009/01/31) Phillip Lougher
[    1.497322] fuse init (API version 7.26)
[    1.499492] Key type asymmetric registered
[    1.499493] Asymmetric key parser 'x509' registered
[    1.499508] Block layer SCSI generic (bsg) driver version 0.4 loaded (major 246)
[    1.499544] io scheduler noop registered
[    1.499545] io scheduler deadline registered
[    1.499558] io scheduler cfq registered (default)
[    1.500556] pcieport 0000:00:1c.0: AER enabled with IRQ 122
[    1.500572] pcieport 0000:00:1c.5: AER enabled with IRQ 123
[    1.500587] pcieport 0000:00:1c.6: AER enabled with IRQ 124
[    1.500602] pcieport 0000:00:1c.7: AER enabled with IRQ 125
[    1.500617] pcieport 0000:00:1d.0: AER enabled with IRQ 126
[    1.500633] pcieport 0000:00:1d.2: AER enabled with IRQ 127
[    1.500669] vesafb: mode is 1024x768x32, linelength=4096, pages=0
[    1.500670] vesafb: scrolling: redraw
[    1.500671] vesafb: Truecolor: size=8:8:8:8, shift=24:16:8:0
[    1.500678] vesafb: framebuffer at 0xe0000000, mapped to 0x        (ptrval), using 3072k, total 3072k
[    1.500739] Console: switching to colour frame buffer device 128x48
[    1.500748] fb0: VESA VGA frame buffer device
[    1.500756] intel_idle: MWAIT substates: 0x11142120
[    1.500756] intel_idle: v0.4.1 model 0x9E
[    1.500924] intel_idle: lapic_timer_reliable_states 0xffffffff
[    1.501008] input: Sleep Button as /devices/LNXSYSTM:00/LNXSYBUS:00/PNP0C0E:00/input/input0
[    1.501017] ACPI: Sleep Button [SLPB]
[    1.501038] input: Power Button as /devices/LNXSYSTM:00/LNXSYBUS:00/PNP0C0C:00/input/input1
[    1.501044] ACPI: Power Button [PWRB]
[    1.501063] input: Power Button as /devices/LNXSYSTM:00/LNXPWRBN:00/input/input2
[    1.501109] ACPI: Power Button [PWRF]
[    2.524333] clocksource: Switched to clocksource tsc
[    4.604232] ACPI: Invalid passive threshold
[    4.604346] (NULL device *): hwmon_device_register() is deprecated. Please convert the driver to use hwmon_device_register_with_info().
[    4.604450] thermal LNXTHERM:00: registered as thermal_zone0
[    4.604451] ACPI: Thermal Zone [TZ10] (7 C)
[    4.664257] thermal LNXTHERM:01: registered as thermal_zone1
[    4.664258] ACPI: Thermal Zone [TZ00] (28 C)
[    4.664393] thermal LNXTHERM:02: registered as thermal_zone2
[    4.664394] ACPI: Thermal Zone [TZ01] (30 C)
[    4.664515] Serial: 8250/16550 driver, 32 ports, IRQ sharing enabled
[    4.665842] Linux agpgart interface v0.103
[    4.666675] loop: module loaded
[    4.666765] libphy: Fixed MDIO Bus: probed
[    4.666765] tun: Universal TUN/TAP device driver, 1.6
[    4.666779] PPP generic driver version 2.4.2
[    4.666798] ehci_hcd: USB 2.0 'Enhanced' Host Controller (EHCI) Driver
[    4.666799] ehci-pci: EHCI PCI platform driver
[    4.666804] ehci-platform: EHCI generic platform driver
[    4.666810] ohci_hcd: USB 1.1 'Open' Host Controller (OHCI) Driver
[    4.666811] ohci-pci: OHCI PCI platform driver
[    4.666816] ohci-platform: OHCI generic platform driver
[    4.666819] uhci_hcd: USB Universal Host Controller Interface driver
[    4.666917] xhci_hcd 0000:00:14.0: xHCI Host Controller
[    4.666921] xhci_hcd 0000:00:14.0: new USB bus registered, assigned bus number 1
[    4.668008] xhci_hcd 0000:00:14.0: hcc params 0x200077c1 hci version 0x100 quirks 0x0000000000009810
[    4.668012] xhci_hcd 0000:00:14.0: cache line size of 64 is not supported
[    4.668124] usb usb1: New USB device found, idVendor=1d6b, idProduct=0002
[    4.668125] usb usb1: New USB device strings: Mfr=3, Product=2, SerialNumber=1
[    4.668126] usb usb1: Product: xHCI Host Controller
[    4.668127] usb usb1: Manufacturer: Linux 4.15.0-55-generic xhci-hcd
[    4.668128] usb usb1: SerialNumber: 0000:00:14.0
[    4.668183] hub 1-0:1.0: USB hub found
[    4.668194] hub 1-0:1.0: 10 ports detected
[    4.669100] xhci_hcd 0000:00:14.0: xHCI Host Controller
[    4.669102] xhci_hcd 0000:00:14.0: new USB bus registered, assigned bus number 2
[    4.669103] xhci_hcd 0000:00:14.0: Host supports USB 3.0  SuperSpeed
[    4.669123] usb usb2: New USB device found, idVendor=1d6b, idProduct=0003
[    4.669124] usb usb2: New USB device strings: Mfr=3, Product=2, SerialNumber=1
[    4.669125] usb usb2: Product: xHCI Host Controller
[    4.669126] usb usb2: Manufacturer: Linux 4.15.0-55-generic xhci-hcd
[    4.669127] usb usb2: SerialNumber: 0000:00:14.0
[    4.669201] hub 2-0:1.0: USB hub found
[    4.669207] hub 2-0:1.0: 4 ports detected
[    4.669669] i8042: PNP: PS/2 Controller [PNP0303:PS2K] at 0x60,0x64 irq 1
[    4.669670] i8042: PNP: PS/2 appears to have AUX port disabled, if this is incorrect please boot with i8042.nopnp
[    4.669882] serio: i8042 KBD port at 0x60,0x64 irq 1
[    4.669984] mousedev: PS/2 mouse device common for all mice
[    4.670180] rtc_cmos 00:04: RTC can wake from S4
[    4.670552] rtc_cmos 00:04: rtc core: registered rtc_cmos as rtc0
[    4.670631] rtc_cmos 00:04: alarms up to one month, y3k, 242 bytes nvram, hpet irqs
[    4.670634] i2c /dev entries driver
[    4.670659] device-mapper: uevent: version 1.0.3
[    4.670713] device-mapper: ioctl: 4.37.0-ioctl (2017-09-20) initialised: dm-devel@redhat.com
[    4.670715] intel_pstate: Intel P-state driver initializing
[    4.670882] intel_pstate: HWP enabled
[    4.670941] ledtrig-cpu: registered to indicate activity on CPUs
[    4.671039] resource sanity check: requesting [mem 0xfdffe800-0xfe0007ff], which spans more than pnp 00:07 [mem 0xfdb00000-0xfdffffff]
[    4.671041] caller pmc_core_probe+0x99/0x224 mapping multiple BARs
[    4.671045] intel_pmc_core:  initialized
[    4.671162] NET: Registered protocol family 10
[    4.673869] Segment Routing with IPv6
[    4.673880] NET: Registered protocol family 17
[    4.673897] Key type dns_resolver registered
[    4.674072] RAS: Correctable Errors collector initialized.
[    4.674090] microcode: sig=0x906eb, pf=0x2, revision=0xb4
[    4.674164] microcode: Microcode Update Driver: v2.2.
[    4.674172] sched_clock: Marking stable (4674160548, 0)->(4650018081, 24142467)
[    4.674298] registered taskstats version 1
[    4.674306] Loading compiled-in X.509 certificates
[    4.675766] Loaded X.509 cert 'Build time autogenerated kernel key: 2ed9c0a78927f1fed24db33f01fd983502d97350'
[    4.675776] zswap: loaded using pool lzo/zbud
[    4.678184] Key type big_key registered
[    4.678186] Key type trusted registered
[    4.679281] Key type encrypted registered
[    4.679283] AppArmor: AppArmor sha1 policy hashing enabled
[    4.679284] ima: No TPM chip found, activating TPM-bypass! (rc=-19)
[    4.679287] ima: Allocated hash algorithm: sha1
[    4.679294] evm: HMAC attrs: 0x1
[    4.680235]   Magic number: 11:221:861
[    4.680422] rtc_cmos 00:04: setting system clock to 2019-07-25 00:51:36 UTC (1564015896)
[    4.680482] BIOS EDD facility v0.16 2004-Jun-25, 0 devices found
[    4.680483] EDD information not available.
[    4.944439] Freeing unused kernel image memory: 2408K
[    4.953574] input: AT Translated Set 2 keyboard as /devices/platform/i8042/serio0/input/input3
[    4.964085] Write protecting the kernel read-only data: 20480k
[    4.964958] Freeing unused kernel image memory: 2008K
[    4.965194] Freeing unused kernel image memory: 1868K
[    4.969724] x86/mm: Checked W+X mappings: passed, no W+X pages found.
[    4.969725] x86/mm: Checking user space page tables
[    4.974111] x86/mm: Checked W+X mappings: passed, no W+X pages found.
[    5.065153] ahci 0000:00:17.0: version 3.0
[    5.065351] ahci 0000:00:17.0: AHCI 0001.0301 32 slots 4 ports 6 Gbps 0xf impl SATA mode
[    5.065353] ahci 0000:00:17.0: flags: 64bit ncq sntf pm led clo only pio slum part ems deso sadm sds apst 
[    5.065415] r8169 Gigabit Ethernet driver 2.3LK-NAPI loaded
[    5.065420] r8169 0000:04:00.0: can't disable ASPM; OS doesn't have ASPM control
[    5.081034] r8169 0000:04:00.0 eth0: RTL8168h/8111h at 0x        (ptrval), b4:2e:99:42:77:a8, XID 14100800 IRQ 130
[    5.081035] r8169 0000:04:00.0 eth0: jumbo features [frames: 9200 bytes, tx checksumming: ko]
[    5.081656] r8169 0000:04:00.0 enp4s0: renamed from eth0
[    5.100530] scsi host0: ahci
[    5.100692] scsi host1: ahci
[    5.100991] scsi host2: ahci
[    5.101087] scsi host3: ahci
[    5.101115] ata1: SATA max UDMA/133 abar m2048@0xf712b000 port 0xf712b100 irq 129
[    5.101116] ata2: SATA max UDMA/133 abar m2048@0xf712b000 port 0xf712b180 irq 129
[    5.101117] ata3: SATA max UDMA/133 abar m2048@0xf712b000 port 0xf712b200 irq 129
[    5.101119] ata4: SATA max UDMA/133 abar m2048@0xf712b000 port 0xf712b280 irq 129
[    5.176085] usb 1-1: new high-speed USB device number 2 using xhci_hcd
[    5.341619] usb 1-1: New USB device found, idVendor=148f, idProduct=3070
[    5.341621] usb 1-1: New USB device strings: Mfr=1, Product=2, SerialNumber=3
[    5.341621] usb 1-1: Product: 802.11 n WLAN
[    5.341622] usb 1-1: Manufacturer: Ralink
[    5.341623] usb 1-1: SerialNumber: 1.0
[    5.415798] ata1: SATA link down (SStatus 4 SControl 300)
[    5.415817] ata4: SATA link down (SStatus 4 SControl 300)
[    5.415831] ata3: SATA link down (SStatus 4 SControl 300)
[    5.415847] ata2: SATA link up 6.0 Gbps (SStatus 133 SControl 300)
[    5.416834] ata2.00: ATA-8: ST1000DM010-2EP102, CC43, max UDMA/133
[    5.416836] ata2.00: 1953525168 sectors, multi 16: LBA48 NCQ (depth 31/32), AA
[    5.417828] ata2.00: configured for UDMA/133
[    5.417978] scsi 1:0:0:0: Direct-Access     ATA      ST1000DM010-2EP1 CC43 PQ: 0 ANSI: 5
[    5.418202] sd 1:0:0:0: Attached scsi generic sg0 type 0
[    5.418311] sd 1:0:0:0: [sda] 1953525168 512-byte logical blocks: (1.00 TB/932 GiB)
[    5.418312] sd 1:0:0:0: [sda] 4096-byte physical blocks
[    5.418353] sd 1:0:0:0: [sda] Write Protect is off
[    5.418354] sd 1:0:0:0: [sda] Mode Sense: 00 3a 00 00
[    5.418406] sd 1:0:0:0: [sda] Write cache: enabled, read cache: enabled, doesn't support DPO or FUA
[    5.437100]  sda: sda1
[    5.437355] sd 1:0:0:0: [sda] Attached SCSI disk
[    5.468031] usb 1-7: new low-speed USB device number 3 using xhci_hcd
[    5.619695] usb 1-7: New USB device found, idVendor=093a, idProduct=2510
[    5.619696] usb 1-7: New USB device strings: Mfr=1, Product=2, SerialNumber=0
[    5.619697] usb 1-7: Product: USB Optical Mouse
[    5.619698] usb 1-7: Manufacturer: PixArt
[    5.748092] usb 1-9: new high-speed USB device number 4 using xhci_hcd
[    5.897204] usb 1-9: New USB device found, idVendor=14cd, idProduct=168a
[    5.897206] usb 1-9: New USB device strings: Mfr=1, Product=3, SerialNumber=2
[    5.897207] usb 1-9: Product: USB Mass Storage Device
[    5.897207] usb 1-9: Manufacturer: USB Device  
[    5.897208] usb 1-9: SerialNumber: 816820130806
[    6.024090] usb 1-10: new full-speed USB device number 5 using xhci_hcd
[    6.173768] usb 1-10: New USB device found, idVendor=10c4, idProduct=ea60
[    6.173770] usb 1-10: New USB device strings: Mfr=1, Product=2, SerialNumber=3
[    6.173770] usb 1-10: Product: CP2104 USB to UART Bridge
[    6.173771] usb 1-10: Manufacturer: Silicon Labs
[    6.173772] usb 1-10: SerialNumber: 0001
[    6.176543] hidraw: raw HID events driver (C) Jiri Kosina
[    6.177479] usb-storage 1-9:1.0: USB Mass Storage device detected
[    6.177621] scsi host4: usb-storage 1-9:1.0
[    6.177661] usbcore: registered new interface driver usb-storage
[    6.178393] usbcore: registered new interface driver uas
[    6.178633] usbcore: registered new interface driver usbhid
[    6.178633] usbhid: USB HID core driver
[    6.179799] input: PixArt USB Optical Mouse as /devices/pci0000:00/0000:00:14.0/usb1/1-7/1-7:1.0/0003:093A:2510.0001/input/input4
[    6.179847] hid-generic 0003:093A:2510.0001: input,hidraw0: USB HID v1.11 Mouse [PixArt USB Optical Mouse] on usb-0000:00:14.0-7/input0
[    6.236038] raid6: sse2x1   gen() 12845 MB/s
[    6.284037] raid6: sse2x1   xor()  9409 MB/s
[    6.332038] raid6: sse2x2   gen() 16145 MB/s
[    6.380037] raid6: sse2x2   xor() 10903 MB/s
[    6.428039] raid6: sse2x4   gen() 18780 MB/s
[    6.476039] raid6: sse2x4   xor() 10957 MB/s
[    6.524036] raid6: avx2x1   gen() 25590 MB/s
[    6.572034] raid6: avx2x1   xor() 17944 MB/s
[    6.620034] raid6: avx2x2   gen() 31713 MB/s
[    6.668034] raid6: avx2x2   xor() 19798 MB/s
[    6.716035] raid6: avx2x4   gen() 36183 MB/s
[    6.764034] raid6: avx2x4   xor() 20454 MB/s
[    6.764035] raid6: using algorithm avx2x4 gen() 36183 MB/s
[    6.764035] raid6: .... xor() 20454 MB/s, rmw enabled
[    6.764036] raid6: using avx2x2 recovery algorithm
[    6.766010] xor: automatically using best checksumming function   avx       
[    6.776426] Btrfs loaded, crc32c=crc32c-intel
[    6.921993] EXT4-fs (sda1): mounted filesystem with ordered data mode. Opts: (null)
[    6.965246] random: fast init done
[    7.196560] scsi 4:0:0:0: Direct-Access     USB Mass  Storage Device  1.00 PQ: 0 ANSI: 0
[    7.196793] sd 4:0:0:0: Attached scsi generic sg1 type 0
[    7.197465] sd 4:0:0:0: [sdb] Attached SCSI removable disk
[    8.104469] ip_tables: (C) 2000-2006 Netfilter Core Team
[    8.144457] random: systemd: uninitialized urandom read (16 bytes read)
[    8.164856] systemd[1]: systemd 237 running in system mode. (+PAM +AUDIT +SELINUX +IMA +APPARMOR +SMACK +SYSVINIT +UTMP +LIBCRYPTSETUP +GCRYPT +GNUTLS +ACL +XZ +LZ4 +SECCOMP +BLKID +ELFUTILS +KMOD -IDN2 +IDN -PCRE2 default-hierarchy=hybrid)
[    8.184147] systemd[1]: Detected architecture x86-64.
[    8.184177] random: systemd: uninitialized urandom read (16 bytes read)
[    8.184183] random: systemd: uninitialized urandom read (16 bytes read)
[    8.201937] systemd[1]: Set hostname to <jincheng-H310M-H-2-0>.
[    8.808509] random: crng init done
[    8.808510] random: 7 urandom warning(s) missed due to ratelimiting
[    9.909250] systemd[1]: Started Forward Password Requests to Wall Directory Watch.
[    9.909272] systemd[1]: Reached target Remote File Systems.
[    9.909379] systemd[1]: Created slice User and Session Slice.
[    9.909386] systemd[1]: Reached target User and Group Name Lookups.
[    9.909458] systemd[1]: Created slice System Slice.
[    9.909518] systemd[1]: Listening on Journal Socket.
[    9.909592] systemd[1]: Listening on Journal Audit Socket.
[   10.145188] EXT4-fs (sda1): re-mounted. Opts: errors=remount-ro
[   10.226634] lp: driver loaded but no devices found
[   10.370160] Adding 2097148k swap on /swapfile.  Priority:-2 extents:6 across:2260988k FS
[   10.438071] ppdev: user-space parallel port driver
[   10.456204] systemd-journald[277]: Received request to flush runtime journal from PID 1
[   22.211185] audit: type=1400 audit(1564015914.023:2): apparmor="STATUS" operation="profile_load" profile="unconfined" name="/usr/bin/man" pid=417 comm="apparmor_parser"
[   22.211188] audit: type=1400 audit(1564015914.023:3): apparmor="STATUS" operation="profile_load" profile="unconfined" name="man_filter" pid=417 comm="apparmor_parser"
[   22.211190] audit: type=1400 audit(1564015914.023:4): apparmor="STATUS" operation="profile_load" profile="unconfined" name="man_groff" pid=417 comm="apparmor_parser"
[   22.211812] audit: type=1400 audit(1564015914.023:5): apparmor="STATUS" operation="profile_load" profile="unconfined" name="/sbin/dhclient" pid=414 comm="apparmor_parser"
[   22.211813] audit: type=1400 audit(1564015914.023:6): apparmor="STATUS" operation="profile_load" profile="unconfined" name="/usr/lib/NetworkManager/nm-dhcp-client.action" pid=414 comm="apparmor_parser"
[   22.211814] audit: type=1400 audit(1564015914.023:7): apparmor="STATUS" operation="profile_load" profile="unconfined" name="/usr/lib/NetworkManager/nm-dhcp-helper" pid=414 comm="apparmor_parser"
[   22.211816] audit: type=1400 audit(1564015914.023:8): apparmor="STATUS" operation="profile_load" profile="unconfined" name="/usr/lib/connman/scripts/dhclient-script" pid=414 comm="apparmor_parser"
[   22.211829] audit: type=1400 audit(1564015914.023:9): apparmor="STATUS" operation="profile_load" profile="unconfined" name="libreoffice-senddoc" pid=419 comm="apparmor_parser"
[   22.212515] audit: type=1400 audit(1564015914.027:10): apparmor="STATUS" operation="profile_load" profile="unconfined" name="libreoffice-xpdfimport" pid=421 comm="apparmor_parser"
[   22.233181] audit: type=1400 audit(1564015914.047:11): apparmor="STATUS" operation="profile_load" profile="unconfined" name="/usr/lib/snapd/snap-confine" pid=422 comm="apparmor_parser"
[   23.548742] shpchp: Standard Hot Plug PCI Controller Driver version: 0.4
[   23.604477] RAPL PMU: API unit is 2^-32 Joules, 5 fixed counters, 655360 ms ovfl timer
[   23.604478] RAPL PMU: hw unit of domain pp0-core 2^-14 Joules
[   23.604478] RAPL PMU: hw unit of domain package 2^-14 Joules
[   23.604478] RAPL PMU: hw unit of domain dram 2^-14 Joules
[   23.604479] RAPL PMU: hw unit of domain pp1-gpu 2^-14 Joules
[   23.604479] RAPL PMU: hw unit of domain psys 2^-14 Joules
[   23.609525] AVX2 version of gcm_enc/dec engaged.
[   23.609526] AES CTR mode by8 optimization enabled
[   23.637558] intel_rapl: Found RAPL domain package
[   23.637559] intel_rapl: Found RAPL domain core
[   23.637560] intel_rapl: Found RAPL domain uncore
[   24.542012] mei_me 0000:00:16.0: enabling device (0004 -> 0006)
[   25.380194] usbcore: registered new interface driver usbserial_generic
[   25.380198] usbserial: USB Serial support registered for generic
[   25.381025] usbcore: registered new interface driver cp210x
[   25.381031] usbserial: USB Serial support registered for cp210x
[   25.381044] cp210x 1-10:1.0: cp210x converter detected
[   25.381806] usb 1-10: cp210x converter now attached to ttyUSB0
[   25.385407] cfg80211: Loading compiled-in X.509 certificates for regulatory database
[   25.387840] cfg80211: Loaded X.509 cert 'sforshee: 00b28ddf47aef9cea7'
[   25.532305] usb 1-1: reset high-speed USB device number 2 using xhci_hcd
[   25.617139] [drm] Memory usable by graphics device = 4096M
[   25.617140] checking generic (e0000000 300000) vs hw (e0000000 10000000)
[   25.617141] fb: switching to inteldrmfb from VESA VGA
[   25.617186] Console: switching to colour dummy device 80x25
[   25.617266] [drm] Replacing VGA console driver
[   25.623248] [drm] Supports vblank timestamp caching Rev 2 (21.10.2013).
[   25.623249] [drm] Driver supports precise vblank timestamp query.
[   25.625360] i915 0000:00:02.0: vgaarb: changed VGA decodes: olddecodes=io+mem,decodes=io+mem:owns=io+mem
[   25.639034] [drm] Finished loading DMC firmware i915/kbl_dmc_ver1_01.bin (v1.1)
[   25.690482] ieee80211 phy0: rt2x00_set_rt: Info - RT chipset 3070, rev 0201 detected
[   25.700066] ieee80211 phy0: rt2x00_set_rf: Info - RF chipset 0005 detected
[   25.702078] ieee80211 phy0: Selected rate control algorithm 'minstrel_ht'
[   25.702255] usbcore: registered new interface driver rt2800usb
[   25.703523] rt2800usb 1-1:1.0 wlx7cdd90c0e386: renamed from wlan0
[   25.894857] [drm] failed to retrieve link info, disabling eDP
[   25.895984] [drm] Initialized i915 1.6.0 20171023 for 0000:00:02.0 on minor 0
[   25.897271] ACPI: Video Device [GFX0] (multi-head: yes  rom: no  post: no)
[   25.897564] input: Video Bus as /devices/LNXSYSTM:00/LNXSYBUS:00/PNP0A08:00/LNXVIDEO:00/input/input5
[   25.942440] snd_hda_intel 0000:00:1f.3: bound 0000:00:02.0 (ops i915_audio_component_bind_ops [i915])
[   25.942593] fbcon: inteldrmfb (fb0) is primary device
[   25.942641] Console: switching to colour frame buffer device 180x56
[   25.942653] i915 0000:00:02.0: fb0: inteldrmfb frame buffer device
[   25.964917] snd_hda_codec_realtek hdaudioC0D0: autoconfig for ALC887-VD: line_outs=1 (0x14/0x0/0x0/0x0/0x0) type:line
[   25.964918] snd_hda_codec_realtek hdaudioC0D0:    speaker_outs=0 (0x0/0x0/0x0/0x0/0x0)
[   25.964920] snd_hda_codec_realtek hdaudioC0D0:    hp_outs=1 (0x1b/0x0/0x0/0x0/0x0)
[   25.964920] snd_hda_codec_realtek hdaudioC0D0:    mono: mono_out=0x0
[   25.964921] snd_hda_codec_realtek hdaudioC0D0:    inputs:
[   25.964923] snd_hda_codec_realtek hdaudioC0D0:      Front Mic=0x19
[   25.964924] snd_hda_codec_realtek hdaudioC0D0:      Rear Mic=0x18
[   25.964924] snd_hda_codec_realtek hdaudioC0D0:      Line=0x1a
[   25.980761] input: HDA Intel PCH Front Mic as /devices/pci0000:00/0000:00:1f.3/sound/card0/input6
[   25.980795] input: HDA Intel PCH Rear Mic as /devices/pci0000:00/0000:00:1f.3/sound/card0/input7
[   25.980822] input: HDA Intel PCH Line as /devices/pci0000:00/0000:00:1f.3/sound/card0/input8
[   25.980847] input: HDA Intel PCH Line Out as /devices/pci0000:00/0000:00:1f.3/sound/card0/input9
[   25.980872] input: HDA Intel PCH Front Headphone as /devices/pci0000:00/0000:00:1f.3/sound/card0/input10
[   25.980897] input: HDA Intel PCH HDMI/DP,pcm=3 as /devices/pci0000:00/0000:00:1f.3/sound/card0/input11
[   25.980921] input: HDA Intel PCH HDMI/DP,pcm=7 as /devices/pci0000:00/0000:00:1f.3/sound/card0/input12
[   25.980946] input: HDA Intel PCH HDMI/DP,pcm=8 as /devices/pci0000:00/0000:00:1f.3/sound/card0/input13
[   25.980970] input: HDA Intel PCH HDMI/DP,pcm=9 as /devices/pci0000:00/0000:00:1f.3/sound/card0/input14
[   25.980998] input: HDA Intel PCH HDMI/DP,pcm=10 as /devices/pci0000:00/0000:00:1f.3/sound/card0/input15
[   27.804398] [drm] RC6 on
[   31.964137] IPv6: ADDRCONF(NETDEV_UP): enp4s0: link is not ready
[   32.042596] r8169 0000:04:00.0 enp4s0: link down
[   32.042598] r8169 0000:04:00.0 enp4s0: link down
[   32.042678] IPv6: ADDRCONF(NETDEV_UP): enp4s0: link is not ready
[   32.218450] IPv6: ADDRCONF(NETDEV_UP): wlx7cdd90c0e386: link is not ready
[   32.218483] ieee80211 phy0: rt2x00lib_request_firmware: Info - Loading firmware file 'rt2870.bin'
[   32.259433] ieee80211 phy0: rt2x00lib_request_firmware: Info - Firmware detected - version: 0.36
[   32.551941] IPv6: ADDRCONF(NETDEV_UP): wlx7cdd90c0e386: link is not ready
[   32.876150] IPv6: ADDRCONF(NETDEV_UP): wlx7cdd90c0e386: link is not ready
[   34.806352] r8169 0000:04:00.0 enp4s0: link up
[   34.806367] IPv6: ADDRCONF(NETDEV_CHANGE): enp4s0: link becomes ready
[   35.226699] vboxdrv: loading out-of-tree module taints kernel.
[   35.227099] vboxdrv: module verification failed: signature and/or required key missing - tainting kernel
[   35.244472] vboxdrv: Found 4 processor cores
[   35.268624] vboxdrv: TSC mode is Invariant, tentative frequency 3599945694 Hz
[   35.268627] vboxdrv: Successfully loaded version 5.2.18_Ubuntu (interface 0x00290001)
[   35.280730] VBoxNetFlt: Successfully started.
[   35.292202] VBoxNetAdp: Successfully started.
[   35.304252] VBoxPciLinuxInit
[   35.309589] vboxpci: IOMMU not found (not registered)
[   52.119085] rfkill: input handler disabled
[ 2810.730386] SUPR0GipMap: fGetGipCpu=0xb
[ 2811.251569] vboxdrv: 0000000000000000 VMMR0.r0
[ 2811.827195] vboxdrv: 0000000000000000 VBoxDDR0.r0
[ 2812.072464] vboxdrv: 0000000000000000 VBoxEhciR0.r0
[ 3095.376039] usb 1-9: USB disconnect, device number 4
[ 3095.696013] usb 1-9: new high-speed USB device number 6 using xhci_hcd
[ 3096.244020] usb 1-9: device descriptor read/64, error -71
[ 3096.496638] usb 1-9: New USB device found, idVendor=14cd, idProduct=168a
[ 3096.496640] usb 1-9: New USB device strings: Mfr=1, Product=3, SerialNumber=2
[ 3096.496641] usb 1-9: Product: USB Mass Storage Device
[ 3096.496642] usb 1-9: Manufacturer: USB Device  
[ 3096.496643] usb 1-9: SerialNumber: 816820130806
[ 3096.497487] usb-storage 1-9:1.0: USB Mass Storage device detected
[ 3096.497539] scsi host4: usb-storage 1-9:1.0
[ 3097.528510] scsi 4:0:0:0: Direct-Access     USB Mass  Storage Device  1.00 PQ: 0 ANSI: 0
[ 3097.532072] sd 4:0:0:0: Attached scsi generic sg1 type 0
[ 3097.533990] sd 4:0:0:0: [sdb] Attached SCSI removable disk
[ 3098.470292] usb 1-9: USB disconnect, device number 6
[10346.550869] perf: interrupt took too long (2503 > 2500), lowering kernel.perf_event_max_sample_rate to 79750
[15229.964650] perf: interrupt took too long (3129 > 3128), lowering kernel.perf_event_max_sample_rate to 63750
[22798.578968] kauditd_printk_skb: 29 callbacks suppressed
[22798.578969] audit: type=1326 audit(1564038690.345:41): auid=1000 uid=1000 gid=1000 ses=2 pid=30808 comm="wineserver" exe="/snap/notepad-plus-plus/212/wine-platform/wine-stable/bin/wineserver" sig=0 arch=c000003e syscall=203 compat=0 ip=0x7f9cab0a5f89 code=0x50000
[22798.768207] audit: type=1326 audit(1564038690.533:42): auid=1000 uid=1000 gid=1000 ses=2 pid=30808 comm="wineserver" exe="/snap/notepad-plus-plus/212/wine-platform/wine-stable/bin/wineserver" sig=0 arch=c000003e syscall=203 compat=0 ip=0x7f9cab0a5f89 code=0x50000
[22798.812109] audit: type=1326 audit(1564038690.577:43): auid=1000 uid=1000 gid=1000 ses=2 pid=30808 comm="wineserver" exe="/snap/notepad-plus-plus/212/wine-platform/wine-stable/bin/wineserver" sig=0 arch=c000003e syscall=203 compat=0 ip=0x7f9cab0a5f89 code=0x50000
[22799.013855] audit: type=1326 audit(1564038690.781:44): auid=1000 uid=1000 gid=1000 ses=2 pid=30808 comm="wineserver" exe="/snap/notepad-plus-plus/212/wine-platform/wine-stable/bin/wineserver" sig=0 arch=c000003e syscall=203 compat=0 ip=0x7f9cab0a5f89 code=0x50000
[22799.036658] audit: type=1326 audit(1564038690.801:45): auid=1000 uid=1000 gid=1000 ses=2 pid=30808 comm="wineserver" exe="/snap/notepad-plus-plus/212/wine-platform/wine-stable/bin/wineserver" sig=0 arch=c000003e syscall=203 compat=0 ip=0x7f9cab0a5f89 code=0x50000
[22799.108242] audit: type=1326 audit(1564038690.873:46): auid=1000 uid=1000 gid=1000 ses=2 pid=30808 comm="wineserver" exe="/snap/notepad-plus-plus/212/wine-platform/wine-stable/bin/wineserver" sig=0 arch=c000003e syscall=203 compat=0 ip=0x7f9cab0a5f89 code=0x50000
[22799.108639] audit: type=1326 audit(1564038690.873:47): auid=1000 uid=1000 gid=1000 ses=2 pid=30808 comm="wineserver" exe="/snap/notepad-plus-plus/212/wine-platform/wine-stable/bin/wineserver" sig=0 arch=c000003e syscall=203 compat=0 ip=0x7f9cab0a5f89 code=0x50000
[22799.108701] audit: type=1326 audit(1564038690.873:48): auid=1000 uid=1000 gid=1000 ses=2 pid=30808 comm="wineserver" exe="/snap/notepad-plus-plus/212/wine-platform/wine-stable/bin/wineserver" sig=0 arch=c000003e syscall=203 compat=0 ip=0x7f9cab0a5f89 code=0x50000
[22799.109157] audit: type=1326 audit(1564038690.877:49): auid=1000 uid=1000 gid=1000 ses=2 pid=30808 comm="wineserver" exe="/snap/notepad-plus-plus/212/wine-platform/wine-stable/bin/wineserver" sig=0 arch=c000003e syscall=203 compat=0 ip=0x7f9cab0a5f89 code=0x50000
[22799.109910] audit: type=1326 audit(1564038690.877:50): auid=1000 uid=1000 gid=1000 ses=2 pid=30808 comm="wineserver" exe="/snap/notepad-plus-plus/212/wine-platform/wine-stable/bin/wineserver" sig=0 arch=c000003e syscall=203 compat=0 ip=0x7f9cab0a5f89 code=0x50000
[22805.110313] kauditd_printk_skb: 21 callbacks suppressed
[22805.110315] audit: type=1326 audit(1564038696.877:72): auid=1000 uid=1000 gid=1000 ses=2 pid=30808 comm="wineserver" exe="/snap/notepad-plus-plus/212/wine-platform/wine-stable/bin/wineserver" sig=0 arch=c000003e syscall=203 compat=0 ip=0x7f9cab0a5f89 code=0x50000
[22826.733862] audit: type=1400 audit(1564038718.501:73): apparmor="DENIED" operation="open" profile="snap.notepad-plus-plus.notepad-plus-plus" name="/home/jincheng/work/sshfs_huangjc/" pid=30795 comm="notepad-plus-pl" requested_mask="r" denied_mask="r" fsuid=1000 ouid=1013
[22826.733864] audit: type=1400 audit(1564038718.501:74): apparmor="DENIED" operation="open" profile="snap.notepad-plus-plus.notepad-plus-plus" name="/home/jincheng/work/sshfs_huangjc/" pid=30795 comm="notepad-plus-pl" requested_mask="r" denied_mask="r" fsuid=1000 ouid=1013
[22826.735099] audit: type=1400 audit(1564038718.501:75): apparmor="DENIED" operation="open" profile="snap.notepad-plus-plus.notepad-plus-plus" name="/home/jincheng/work/sshfs_huangjc/" pid=30795 comm="notepad-plus-pl" requested_mask="r" denied_mask="r" fsuid=1000 ouid=1013
[22826.735110] audit: type=1400 audit(1564038718.501:76): apparmor="DENIED" operation="open" profile="snap.notepad-plus-plus.notepad-plus-plus" name="/home/jincheng/work/sshfs_huangjc/" pid=30795 comm="notepad-plus-pl" requested_mask="r" denied_mask="r" fsuid=1000 ouid=1013
[22826.736343] audit: type=1400 audit(1564038718.501:77): apparmor="DENIED" operation="open" profile="snap.notepad-plus-plus.notepad-plus-plus" name="/home/jincheng/work/sshfs_huangjc/" pid=30795 comm="notepad-plus-pl" requested_mask="r" denied_mask="r" fsuid=1000 ouid=1013
[22826.736348] audit: type=1400 audit(1564038718.501:78): apparmor="DENIED" operation="open" profile="snap.notepad-plus-plus.notepad-plus-plus" name="/home/jincheng/work/sshfs_huangjc/" pid=30795 comm="notepad-plus-pl" requested_mask="r" denied_mask="r" fsuid=1000 ouid=1013
[23445.283234] usb 1-1: USB disconnect, device number 2
[23445.283815] xhci_hcd 0000:00:14.0: WARN Cannot submit Set TR Deq Ptr
[23445.283819] xhci_hcd 0000:00:14.0: A Set TR Deq Ptr command is pending.
[23471.548725] usb 1-5: new full-speed USB device number 7 using xhci_hcd
[23471.698185] usb 1-5: New USB device found, idVendor=10c4, idProduct=ea60
[23471.698187] usb 1-5: New USB device strings: Mfr=1, Product=2, SerialNumber=3
[23471.698189] usb 1-5: Product: CP2104 USB to UART Bridge
[23471.698190] usb 1-5: Manufacturer: Silicon Labs
[23471.698192] usb 1-5: SerialNumber: 0001
[23471.699431] cp210x 1-5:1.0: cp210x converter detected
[23471.700292] usb 1-5: cp210x converter now attached to ttyUSB1
[23503.305140] usb 1-2: new full-speed USB device number 8 using xhci_hcd
[23503.454679] usb 1-2: New USB device found, idVendor=10c4, idProduct=ea60
[23503.454681] usb 1-2: New USB device strings: Mfr=1, Product=2, SerialNumber=3
[23503.454682] usb 1-2: Product: CP2104 USB to UART Bridge
[23503.454683] usb 1-2: Manufacturer: Silicon Labs
[23503.454684] usb 1-2: SerialNumber: 0001
[23503.455585] cp210x 1-2:1.0: cp210x converter detected
[23503.456400] usb 1-2: cp210x converter now attached to ttyUSB2
[25016.526480] usb 1-3: new high-speed USB device number 9 using xhci_hcd
[25016.683133] usb 1-3: New USB device found, idVendor=2207, idProduct=330c
[25016.683135] usb 1-3: New USB device strings: Mfr=1, Product=2, SerialNumber=3
[25016.683137] usb 1-3: Product: USB download gadget
[25016.683138] usb 1-3: Manufacturer: Rockchip
[25016.683140] usb 1-3: SerialNumber: 8eeb5fd821e8eef9
[25109.944905] usb 1-3: USB disconnect, device number 9
[25110.458553] usb 1-3: new high-speed USB device number 10 using xhci_hcd
[25110.607138] usb 1-3: New USB device found, idVendor=2207, idProduct=330c
[25110.607141] usb 1-3: New USB device strings: Mfr=0, Product=0, SerialNumber=0
[25113.584682] usb 1-3: USB disconnect, device number 10
[25113.894566] usb 1-3: new high-speed USB device number 11 using xhci_hcd
[25114.050980] usb 1-3: New USB device found, idVendor=2207, idProduct=330c
[25114.050982] usb 1-3: New USB device strings: Mfr=0, Product=0, SerialNumber=0
[25116.967147] usb 1-3: USB disconnect, device number 11
[25117.482600] usb 1-3: new high-speed USB device number 12 using xhci_hcd
[25117.631206] usb 1-3: New USB device found, idVendor=2207, idProduct=330c
[25117.631209] usb 1-3: New USB device strings: Mfr=0, Product=0, SerialNumber=0
[25183.283546] usb 1-3: USB disconnect, device number 12
[25183.594738] usb 1-3: new high-speed USB device number 13 using xhci_hcd
[25183.743102] usb 1-3: New USB device found, idVendor=2207, idProduct=330c
[25183.743104] usb 1-3: New USB device strings: Mfr=0, Product=0, SerialNumber=0
[25186.539792] usb 1-3: USB disconnect, device number 13
[25187.058709] usb 1-3: new high-speed USB device number 14 using xhci_hcd
[25187.207393] usb 1-3: New USB device found, idVendor=2207, idProduct=330c
[25187.207396] usb 1-3: New USB device strings: Mfr=0, Product=0, SerialNumber=0
[25196.657646] usb 1-3: USB disconnect, device number 14
[25196.966763] usb 1-3: new high-speed USB device number 15 using xhci_hcd
[25197.119349] usb 1-3: New USB device found, idVendor=2207, idProduct=330c
[25197.119351] usb 1-3: New USB device strings: Mfr=0, Product=0, SerialNumber=0
[25388.218651] usb 1-3: USB disconnect, device number 15
[29832.384957] cp210x ttyUSB0: cp210x converter now disconnected from ttyUSB0
[29832.385023] cp210x 1-10:1.0: device disconnected
[30240.809222] cp210x ttyUSB1: cp210x converter now disconnected from ttyUSB1
[30240.809270] cp210x 1-5:1.0: device disconnected
[30364.683223] usb 1-10: reset full-speed USB device number 5 using xhci_hcd
[30364.835796] cp210x 1-10:1.0: cp210x converter detected
[30364.836901] usb 1-10: cp210x converter now attached to ttyUSB0
[30366.811236] usb 1-5: reset full-speed USB device number 7 using xhci_hcd
[30366.960021] cp210x 1-5:1.0: cp210x converter detected
[30366.965289] usb 1-5: cp210x converter now attached to ttyUSB1
[30920.102929] usb 1-5: USB disconnect, device number 7
[30920.103052] cp210x ttyUSB1: cp210x converter now disconnected from ttyUSB1
[30920.103065] cp210x 1-5:1.0: device disconnected
[30923.540841] usb 1-5: new full-speed USB device number 16 using xhci_hcd
[30923.694321] usb 1-5: New USB device found, idVendor=10c4, idProduct=ea60
[30923.694323] usb 1-5: New USB device strings: Mfr=1, Product=2, SerialNumber=3
[30923.694325] usb 1-5: Product: CP2104 USB to UART Bridge
[30923.694327] usb 1-5: Manufacturer: Silicon Labs
[30923.694328] usb 1-5: SerialNumber: 0001
[30923.695663] cp210x 1-5:1.0: cp210x converter detected
[30923.696602] usb 1-5: cp210x converter now attached to ttyUSB1
[31014.915275] cp210x ttyUSB0: cp210x converter now disconnected from ttyUSB0
[31014.915316] cp210x 1-10:1.0: device disconnected
[32650.632859] usb 1-10: reset full-speed USB device number 5 using xhci_hcd
[32650.781653] cp210x 1-10:1.0: cp210x converter detected
[32650.782767] usb 1-10: cp210x converter now attached to ttyUSB0
[38552.983418] usb 1-3: new high-speed USB device number 17 using xhci_hcd
[38553.131572] usb 1-3: New USB device found, idVendor=2a0e, idProduct=0003
[38553.131578] usb 1-3: New USB device strings: Mfr=0, Product=0, SerialNumber=0
[38762.286854] usb 1-3: USB disconnect, device number 17
[38763.898093] usb 1-3: new high-speed USB device number 18 using xhci_hcd
[38764.046430] usb 1-3: New USB device found, idVendor=2a0e, idProduct=0003
[38764.046432] usb 1-3: New USB device strings: Mfr=1, Product=2, SerialNumber=0
[38764.046434] usb 1-3: Product: USB-based DSL Instrument v2
[38764.046436] usb 1-3: Manufacturer: DreamSourceLab
[38875.197762] usb 1-3: USB disconnect, device number 18
[41754.986914] xhci_hcd 0000:00:14.0: WARN Set TR Deq Ptr cmd failed due to incorrect slot or ep state.
[    0.000000] microcode: microcode updated early to revision 0xb4, date = 2019-04-01
[    0.000000] Linux version 4.15.0-55-generic (buildd@lcy01-amd64-029) (gcc version 7.4.0 (Ubuntu 7.4.0-1ubuntu1~18.04.1)) #60-Ubuntu SMP Tue Jul 2 18:22:20 UTC 2019 (Ubuntu 4.15.0-55.60-generic 4.15.18)
[    0.000000] Command line: BOOT_IMAGE=/boot/vmlinuz-4.15.0-55-generic root=UUID=c445b681-4605-4112-bd5d-47d93ee8d6ba ro quiet splash vt.handoff=1
[    0.000000] KERNEL supported cpus:
[    0.000000]   Intel GenuineIntel
[    0.000000]   AMD AuthenticAMD
[    0.000000]   Centaur CentaurHauls
[    0.000000] x86/fpu: Supporting XSAVE feature 0x001: 'x87 floating point registers'
[    0.000000] x86/fpu: Supporting XSAVE feature 0x002: 'SSE registers'
[    0.000000] x86/fpu: Supporting XSAVE feature 0x004: 'AVX registers'
[    0.000000] x86/fpu: Supporting XSAVE feature 0x008: 'MPX bounds registers'
[    0.000000] x86/fpu: Supporting XSAVE feature 0x010: 'MPX CSR'
[    0.000000] x86/fpu: xstate_offset[2]:  576, xstate_sizes[2]:  256
[    0.000000] x86/fpu: xstate_offset[3]:  832, xstate_sizes[3]:   64
[    0.000000] x86/fpu: xstate_offset[4]:  896, xstate_sizes[4]:   64
[    0.000000] x86/fpu: Enabled xstate features 0x1f, context size is 960 bytes, using 'compacted' format.
[    0.000000] e820: BIOS-provided physical RAM map:
[    0.000000] BIOS-e820: [mem 0x0000000000000000-0x000000000009c7ff] usable
[    0.000000] BIOS-e820: [mem 0x000000000009c800-0x000000000009ffff] reserved
[    0.000000] BIOS-e820: [mem 0x00000000000e0000-0x00000000000fffff] reserved
[    0.000000] BIOS-e820: [mem 0x0000000000100000-0x00000000bfea7fff] usable
[    0.000000] BIOS-e820: [mem 0x00000000bfea8000-0x00000000bfea8fff] ACPI NVS
[    0.000000] BIOS-e820: [mem 0x00000000bfea9000-0x00000000bfea9fff] reserved
[    0.000000] BIOS-e820: [mem 0x00000000bfeaa000-0x00000000c8ad2fff] usable
[    0.000000] BIOS-e820: [mem 0x00000000c8ad3000-0x00000000c8fa3fff] reserved
[    0.000000] BIOS-e820: [mem 0x00000000c8fa4000-0x00000000c913bfff] usable
[    0.000000] BIOS-e820: [mem 0x00000000c913c000-0x00000000c94e5fff] ACPI NVS
[    0.000000] BIOS-e820: [mem 0x00000000c94e6000-0x00000000c9ffefff] reserved
[    0.000000] BIOS-e820: [mem 0x00000000c9fff000-0x00000000c9ffffff] usable
[    0.000000] BIOS-e820: [mem 0x00000000ca000000-0x00000000cf7fffff] reserved
[    0.000000] BIOS-e820: [mem 0x00000000f8000000-0x00000000fbffffff] reserved
[    0.000000] BIOS-e820: [mem 0x00000000fe000000-0x00000000fe010fff] reserved
[    0.000000] BIOS-e820: [mem 0x00000000fec00000-0x00000000fec00fff] reserved
[    0.000000] BIOS-e820: [mem 0x00000000fed00000-0x00000000fed00fff] reserved
[    0.000000] BIOS-e820: [mem 0x00000000fee00000-0x00000000fee00fff] reserved
[    0.000000] BIOS-e820: [mem 0x00000000ff000000-0x00000000ffffffff] reserved
[    0.000000] BIOS-e820: [mem 0x0000000100000000-0x000000042f7fffff] usable
[    0.000000] NX (Execute Disable) protection: active
[    0.000000] SMBIOS 3.1.1 present.
[    0.000000] DMI: Gigabyte Technology Co., Ltd. H310M H 2.0/H310M H 2.0, BIOS F10 09/20/2018
[    0.000000] e820: update [mem 0x00000000-0x00000fff] usable ==> reserved
[    0.000000] e820: remove [mem 0x000a0000-0x000fffff] usable
[    0.000000] e820: last_pfn = 0x42f800 max_arch_pfn = 0x400000000
[    0.000000] MTRR default type: write-back
[    0.000000] MTRR fixed ranges enabled:
[    0.000000]   00000-9FFFF write-back
[    0.000000]   A0000-BFFFF uncachable
[    0.000000]   C0000-FFFFF write-protect
[    0.000000] MTRR variable ranges enabled:
[    0.000000]   0 base 00E0000000 mask 7FE0000000 uncachable
[    0.000000]   1 base 00D0000000 mask 7FF0000000 uncachable
[    0.000000]   2 base 00CC000000 mask 7FFC000000 uncachable
[    0.000000]   3 base 00CB000000 mask 7FFF000000 uncachable
[    0.000000]   4 disabled
[    0.000000]   5 disabled
[    0.000000]   6 disabled
[    0.000000]   7 disabled
[    0.000000]   8 disabled
[    0.000000]   9 disabled
[    0.000000] x86/PAT: Configuration [0-7]: WB  WC  UC- UC  WB  WP  UC- WT  
[    0.000000] e820: last_pfn = 0xca000 max_arch_pfn = 0x400000000
[    0.000000] found SMP MP-table at [mem 0x000fcd40-0x000fcd4f] mapped at [        (ptrval)]
[    0.000000] Scanning 1 areas for low memory corruption
[    0.000000] Base memory trampoline at [        (ptrval)] 96000 size 24576
[    0.000000] Using GB pages for direct mapping
[    0.000000] BRK [0x33433f000, 0x33433ffff] PGTABLE
[    0.000000] BRK [0x334340000, 0x334340fff] PGTABLE
[    0.000000] BRK [0x334341000, 0x334341fff] PGTABLE
[    0.000000] BRK [0x334342000, 0x334342fff] PGTABLE
[    0.000000] BRK [0x334343000, 0x334343fff] PGTABLE
[    0.000000] BRK [0x334344000, 0x334344fff] PGTABLE
[    0.000000] BRK [0x334345000, 0x334345fff] PGTABLE
[    0.000000] BRK [0x334346000, 0x334346fff] PGTABLE
[    0.000000] BRK [0x334347000, 0x334347fff] PGTABLE
[    0.000000] BRK [0x334348000, 0x334348fff] PGTABLE
[    0.000000] BRK [0x334349000, 0x334349fff] PGTABLE
[    0.000000] BRK [0x33434a000, 0x33434afff] PGTABLE
[    0.000000] RAMDISK: [mem 0x33431000-0x35a0ffff]
[    0.000000] ACPI: Early table checksum verification disabled
[    0.000000] ACPI: RSDP 0x00000000000F05B0 000024 (v02 ALASKA)
[    0.000000] ACPI: XSDT 0x00000000C913C0B0 0000DC (v01 ALASKA A M I    01072009 AMI  00010013)
[    0.000000] ACPI: FACP 0x00000000C91638E8 000114 (v06 ALASKA A M I    01072009 AMI  00010013)
[    0.000000] ACPI: DSDT 0x00000000C913C220 0276C5 (v02 ALASKA A M I    01072009 INTL 20160422)
[    0.000000] ACPI: FACS 0x00000000C94E5F00 000040
[    0.000000] ACPI: APIC 0x00000000C9163A00 000084 (v03 ALASKA A M I    01072009 AMI  00010013)
[    0.000000] ACPI: FPDT 0x00000000C9163A88 000044 (v01 ALASKA A M I    01072009 AMI  00010013)
[    0.000000] ACPI: FIDT 0x00000000C9163AD0 00009C (v01 ALASKA A M I    01072009 AMI  00010013)
[    0.000000] ACPI: MCFG 0x00000000C9163B70 00003C (v01 ALASKA A M I    01072009 MSFT 00000097)
[    0.000000] ACPI: SSDT 0x00000000C9163BB0 00020B (v01 ALASKA A M I    00001000 INTL 20160422)
[    0.000000] ACPI: SSDT 0x00000000C9163DC0 0072D2 (v01 ALASKA A M I    00000001 INTL 20160422)
[    0.000000] ACPI: SSDT 0x00000000C916B098 003165 (v02 ALASKA A M I    00003000 INTL 20160422)
[    0.000000] ACPI: HPET 0x00000000C916E200 000038 (v01 ALASKA A M I    00000001 MSFT 0000005F)
[    0.000000] ACPI: SSDT 0x00000000C916E238 0011AA (v02 ALASKA A M I    00001000 INTL 20160422)
[    0.000000] ACPI: SSDT 0x00000000C916F3E8 002AD7 (v02 ALASKA A M I    00000000 INTL 20160422)
[    0.000000] ACPI: UEFI 0x00000000C9171EC0 000048 (v01 ALASKA A M I    00000002      01000013)
[    0.000000] ACPI: SSDT 0x00000000C9171F08 0017AE (v02 ALASKA A M I    00003000 INTL 20160422)
[    0.000000] ACPI: LPIT 0x00000000C91736B8 000094 (v01 ALASKA A M I    00000000 MSFT 0000005F)
[    0.000000] ACPI: SSDT 0x00000000C9173750 000141 (v02 ALASKA A M I    00000000 INTL 20160422)
[    0.000000] ACPI: SSDT 0x00000000C9173898 00029F (v02 ALASKA A M I    00000000 INTL 20160422)
[    0.000000] ACPI: SSDT 0x00000000C9173B38 003002 (v02 ALASKA A M I    00001000 INTL 20160422)
[    0.000000] ACPI: SSDT 0x00000000C9176B40 000517 (v02 ALASKA A M I    00000000 INTL 20160422)
[    0.000000] ACPI: SSDT 0x00000000C9177058 0002E9 (v02 ALASKA A M I    00000001 INTL 20160422)
[    0.000000] ACPI: DBGP 0x00000000C9177348 000034 (v01 ALASKA A M I    00000002 MSFT 0000005F)
[    0.000000] ACPI: DBG2 0x00000000C9177380 000054 (v00 ALASKA A M I    00000002 MSFT 0000005F)
[    0.000000] ACPI: DMAR 0x00000000C91773D8 0000A8 (v01 ALASKA A M I    00000001 INTL 00000001)
[    0.000000] ACPI: WSMT 0x00000000C9177480 000028 (v01 ALASKA A M I    01072009 AMI  00010013)
[    0.000000] ACPI: Local APIC address 0xfee00000
[    0.000000] No NUMA configuration found
[    0.000000] Faking a node at [mem 0x0000000000000000-0x000000042f7fffff]
[    0.000000] NODE_DATA(0) allocated [mem 0x42f7d5000-0x42f7fffff]
[    0.000000] Zone ranges:
[    0.000000]   DMA      [mem 0x0000000000001000-0x0000000000ffffff]
[    0.000000]   DMA32    [mem 0x0000000001000000-0x00000000ffffffff]
[    0.000000]   Normal   [mem 0x0000000100000000-0x000000042f7fffff]
[    0.000000]   Device   empty
[    0.000000] Movable zone start for each node
[    0.000000] Early memory node ranges
[    0.000000]   node   0: [mem 0x0000000000001000-0x000000000009bfff]
[    0.000000]   node   0: [mem 0x0000000000100000-0x00000000bfea7fff]
[    0.000000]   node   0: [mem 0x00000000bfeaa000-0x00000000c8ad2fff]
[    0.000000]   node   0: [mem 0x00000000c8fa4000-0x00000000c913bfff]
[    0.000000]   node   0: [mem 0x00000000c9fff000-0x00000000c9ffffff]
[    0.000000]   node   0: [mem 0x0000000100000000-0x000000042f7fffff]
[    0.000000] Reserved but unavailable: 29691 pages
[    0.000000] Initmem setup node 0 [mem 0x0000000000001000-0x000000042f7fffff]
[    0.000000] On node 0 totalpages: 4162565
[    0.000000]   DMA zone: 64 pages used for memmap
[    0.000000]   DMA zone: 21 pages reserved
[    0.000000]   DMA zone: 3995 pages, LIFO batch:0
[    0.000000]   DMA32 zone: 12786 pages used for memmap
[    0.000000]   DMA32 zone: 818282 pages, LIFO batch:31
[    0.000000]   Normal zone: 52192 pages used for memmap
[    0.000000]   Normal zone: 3340288 pages, LIFO batch:31
[    0.000000] Reserving Intel graphics memory at 0x00000000cb800000-0x00000000cf7fffff
[    0.000000] ACPI: PM-Timer IO Port: 0x1808
[    0.000000] ACPI: Local APIC address 0xfee00000
[    0.000000] ACPI: LAPIC_NMI (acpi_id[0x01] high edge lint[0x1])
[    0.000000] ACPI: LAPIC_NMI (acpi_id[0x02] high edge lint[0x1])
[    0.000000] ACPI: LAPIC_NMI (acpi_id[0x03] high edge lint[0x1])
[    0.000000] ACPI: LAPIC_NMI (acpi_id[0x04] high edge lint[0x1])
[    0.000000] IOAPIC[0]: apic_id 2, version 32, address 0xfec00000, GSI 0-119
[    0.000000] ACPI: INT_SRC_OVR (bus 0 bus_irq 0 global_irq 2 dfl dfl)
[    0.000000] ACPI: INT_SRC_OVR (bus 0 bus_irq 9 global_irq 9 high level)
[    0.000000] ACPI: IRQ0 used by override.
[    0.000000] ACPI: IRQ9 used by override.
[    0.000000] Using ACPI (MADT) for SMP configuration information
[    0.000000] ACPI: HPET id: 0x8086a201 base: 0xfed00000
[    0.000000] smpboot: Allowing 4 CPUs, 0 hotplug CPUs
[    0.000000] PM: Registered nosave memory: [mem 0x00000000-0x00000fff]
[    0.000000] PM: Registered nosave memory: [mem 0x0009c000-0x0009cfff]
[    0.000000] PM: Registered nosave memory: [mem 0x0009d000-0x0009ffff]
[    0.000000] PM: Registered nosave memory: [mem 0x000a0000-0x000dffff]
[    0.000000] PM: Registered nosave memory: [mem 0x000e0000-0x000fffff]
[    0.000000] PM: Registered nosave memory: [mem 0xbfea8000-0xbfea8fff]
[    0.000000] PM: Registered nosave memory: [mem 0xbfea9000-0xbfea9fff]
[    0.000000] PM: Registered nosave memory: [mem 0xc8ad3000-0xc8fa3fff]
[    0.000000] PM: Registered nosave memory: [mem 0xc913c000-0xc94e5fff]
[    0.000000] PM: Registered nosave memory: [mem 0xc94e6000-0xc9ffefff]
[    0.000000] PM: Registered nosave memory: [mem 0xca000000-0xcf7fffff]
[    0.000000] PM: Registered nosave memory: [mem 0xcf800000-0xf7ffffff]
[    0.000000] PM: Registered nosave memory: [mem 0xf8000000-0xfbffffff]
[    0.000000] PM: Registered nosave memory: [mem 0xfc000000-0xfdffffff]
[    0.000000] PM: Registered nosave memory: [mem 0xfe000000-0xfe010fff]
[    0.000000] PM: Registered nosave memory: [mem 0xfe011000-0xfebfffff]
[    0.000000] PM: Registered nosave memory: [mem 0xfec00000-0xfec00fff]
[    0.000000] PM: Registered nosave memory: [mem 0xfec01000-0xfecfffff]
[    0.000000] PM: Registered nosave memory: [mem 0xfed00000-0xfed00fff]
[    0.000000] PM: Registered nosave memory: [mem 0xfed01000-0xfedfffff]
[    0.000000] PM: Registered nosave memory: [mem 0xfee00000-0xfee00fff]
[    0.000000] PM: Registered nosave memory: [mem 0xfee01000-0xfeffffff]
[    0.000000] PM: Registered nosave memory: [mem 0xff000000-0xffffffff]
[    0.000000] e820: [mem 0xcf800000-0xf7ffffff] available for PCI devices
[    0.000000] Booting paravirtualized kernel on bare hardware
[    0.000000] clocksource: refined-jiffies: mask: 0xffffffff max_cycles: 0xffffffff, max_idle_ns: 7645519600211568 ns
[    0.000000] random: get_random_bytes called from start_kernel+0x99/0x4fd with crng_init=0
[    0.000000] setup_percpu: NR_CPUS:8192 nr_cpumask_bits:4 nr_cpu_ids:4 nr_node_ids:1
[    0.000000] percpu: Embedded 46 pages/cpu @        (ptrval) s151552 r8192 d28672 u524288
[    0.000000] pcpu-alloc: s151552 r8192 d28672 u524288 alloc=1*2097152
[    0.000000] pcpu-alloc: [0] 0 1 2 3 
[    0.000000] Built 1 zonelists, mobility grouping on.  Total pages: 4097502
[    0.000000] Policy zone: Normal
[    0.000000] Kernel command line: BOOT_IMAGE=/boot/vmlinuz-4.15.0-55-generic root=UUID=c445b681-4605-4112-bd5d-47d93ee8d6ba ro quiet splash vt.handoff=1
[    0.000000] Calgary: detecting Calgary via BIOS EBDA area
[    0.000000] Calgary: Unable to locate Rio Grande table in EBDA - bailing!
[    0.000000] Memory: 16254384K/16650260K available (12300K kernel code, 2473K rwdata, 4276K rodata, 2408K init, 2416K bss, 395876K reserved, 0K cma-reserved)
[    0.000000] SLUB: HWalign=64, Order=0-3, MinObjects=0, CPUs=4, Nodes=1
[    0.000000] Kernel/User page tables isolation: enabled
[    0.000000] ftrace: allocating 39219 entries in 154 pages
[    0.000000] Hierarchical RCU implementation.
[    0.000000] 	RCU restricting CPUs from NR_CPUS=8192 to nr_cpu_ids=4.
[    0.000000] 	Tasks RCU enabled.
[    0.000000] RCU: Adjusting geometry for rcu_fanout_leaf=16, nr_cpu_ids=4
[    0.000000] NR_IRQS: 524544, nr_irqs: 1024, preallocated irqs: 16
[    0.000000] vt handoff: transparent VT on vt#1
[    0.000000] Console: colour dummy device 80x25
[    0.000000] console [tty0] enabled
[    0.000000] ACPI: Core revision 20170831
[    0.000000] ACPI: 12 ACPI AML tables successfully acquired and loaded
[    0.000000] clocksource: hpet: mask: 0xffffffff max_cycles: 0xffffffff, max_idle_ns: 79635855245 ns
[    0.000000] hpet clockevent registered
[    0.004000] APIC: Switch to symmetric I/O mode setup
[    0.004000] DMAR: Host address width 39
[    0.004000] DMAR: DRHD base: 0x000000fed90000 flags: 0x0
[    0.004000] DMAR: dmar0: reg_base_addr fed90000 ver 1:0 cap 1c0000c40660462 ecap 19e2ff0505e
[    0.004000] DMAR: DRHD base: 0x000000fed91000 flags: 0x1
[    0.004000] DMAR: dmar1: reg_base_addr fed91000 ver 1:0 cap d2008c40660462 ecap f050da
[    0.004000] DMAR: RMRR base: 0x000000c9928000 end: 0x000000c9b71fff
[    0.004000] DMAR: RMRR base: 0x000000cb000000 end: 0x000000cf7fffff
[    0.004000] DMAR-IR: IOAPIC id 2 under DRHD base  0xfed91000 IOMMU 1
[    0.004000] DMAR-IR: HPET id 0 under DRHD base 0xfed91000
[    0.004000] DMAR-IR: Queued invalidation will be enabled to support x2apic and Intr-remapping.
[    0.004000] DMAR-IR: Enabled IRQ remapping in x2apic mode
[    0.004000] x2apic enabled
[    0.004000] Switched APIC routing to cluster x2apic.
[    0.008000] ..TIMER: vector=0x30 apic1=0 pin1=2 apic2=-1 pin2=-1
[    0.028000] tsc: Detected 3600.000 MHz processor
[    0.028000] Calibrating delay loop (skipped), value calculated using timer frequency.. 7200.00 BogoMIPS (lpj=14400000)
[    0.028000] pid_max: default: 32768 minimum: 301
[    0.028000] Security Framework initialized
[    0.028000] Yama: becoming mindful.
[    0.028000] AppArmor: AppArmor initialized
[    0.028000] Dentry cache hash table entries: 2097152 (order: 12, 16777216 bytes)
[    0.028000] Inode-cache hash table entries: 1048576 (order: 11, 8388608 bytes)
[    0.028000] Mount-cache hash table entries: 32768 (order: 6, 262144 bytes)
[    0.028000] Mountpoint-cache hash table entries: 32768 (order: 6, 262144 bytes)
[    0.028000] mce: CPU supports 10 MCE banks
[    0.028000] CPU0: Thermal monitoring enabled (TM1)
[    0.028000] process: using mwait in idle threads
[    0.028000] Last level iTLB entries: 4KB 128, 2MB 8, 4MB 8
[    0.028000] Last level dTLB entries: 4KB 64, 2MB 0, 4MB 0, 1GB 4
[    0.028000] Spectre V2 : Mitigation: Full generic retpoline
[    0.028000] Spectre V2 : Spectre v2 / SpectreRSB mitigation: Filling RSB on context switch
[    0.028000] Spectre V2 : Enabling Restricted Speculation for firmware calls
[    0.028000] Spectre V2 : mitigation: Enabling conditional Indirect Branch Prediction Barrier
[    0.028000] Speculative Store Bypass: Mitigation: Speculative Store Bypass disabled via prctl and seccomp
[    0.028000] MDS: Mitigation: Clear CPU buffers
[    0.034345] Freeing SMP alternatives memory: 36K
[    0.035254] TSC deadline timer enabled
[    0.035259] smpboot: CPU0: Intel(R) Core(TM) i3-8100 CPU @ 3.60GHz (family: 0x6, model: 0x9e, stepping: 0xb)
[    0.035299] Performance Events: PEBS fmt3+, Skylake events, 32-deep LBR, full-width counters, Intel PMU driver.
[    0.035322] ... version:                4
[    0.035322] ... bit width:              48
[    0.035322] ... generic registers:      8
[    0.035323] ... value mask:             0000ffffffffffff
[    0.035323] ... max period:             00007fffffffffff
[    0.035323] ... fixed-purpose events:   3
[    0.035324] ... event mask:             00000007000000ff
[    0.035349] Hierarchical SRCU implementation.
[    0.035989] NMI watchdog: Enabled. Permanently consumes one hw-PMU counter.
[    0.035999] smp: Bringing up secondary CPUs ...
[    0.036000] x86: Booting SMP configuration:
[    0.036000] .... node  #0, CPUs:      #1 #2 #3
[    0.037256] smp: Brought up 1 node, 4 CPUs
[    0.037256] smpboot: Max logical packages: 1
[    0.037256] smpboot: Total of 4 processors activated (28800.00 BogoMIPS)
[    0.038212] devtmpfs: initialized
[    0.038212] x86/mm: Memory block size: 128MB
[    0.040607] evm: security.selinux
[    0.040607] evm: security.SMACK64
[    0.040607] evm: security.SMACK64EXEC
[    0.040608] evm: security.SMACK64TRANSMUTE
[    0.040608] evm: security.SMACK64MMAP
[    0.040608] evm: security.apparmor
[    0.040609] evm: security.ima
[    0.040609] evm: security.capability
[    0.040618] PM: Registering ACPI NVS region [mem 0xbfea8000-0xbfea8fff] (4096 bytes)
[    0.040618] PM: Registering ACPI NVS region [mem 0xc913c000-0xc94e5fff] (3842048 bytes)
[    0.040618] clocksource: jiffies: mask: 0xffffffff max_cycles: 0xffffffff, max_idle_ns: 7645041785100000 ns
[    0.040618] futex hash table entries: 1024 (order: 4, 65536 bytes)
[    0.040618] pinctrl core: initialized pinctrl subsystem
[    0.040618] RTC time:  0:51:32, date: 07/25/19
[    0.040618] NET: Registered protocol family 16
[    0.040618] audit: initializing netlink subsys (disabled)
[    0.040618] audit: type=2000 audit(1564015891.040:1): state=initialized audit_enabled=0 res=1
[    0.040618] cpuidle: using governor ladder
[    0.040618] cpuidle: using governor menu
[    0.040618] ACPI FADT declares the system doesn't support PCIe ASPM, so disable it
[    0.040618] ACPI: bus type PCI registered
[    0.040618] acpiphp: ACPI Hot Plug PCI Controller Driver version: 0.5
[    0.040618] PCI: MMCONFIG for domain 0000 [bus 00-3f] at [mem 0xf8000000-0xfbffffff] (base 0xf8000000)
[    0.040618] PCI: MMCONFIG at [mem 0xf8000000-0xfbffffff] reserved in E820
[    0.040618] PCI: Using configuration type 1 for base access
[    0.040793] HugeTLB registered 1.00 GiB page size, pre-allocated 0 pages
[    0.040793] HugeTLB registered 2.00 MiB page size, pre-allocated 0 pages
[    0.040793] ACPI: Added _OSI(Module Device)
[    0.040793] ACPI: Added _OSI(Processor Device)
[    0.040793] ACPI: Added _OSI(3.0 _SCP Extensions)
[    0.040793] ACPI: Added _OSI(Processor Aggregator Device)
[    0.040793] ACPI: Added _OSI(Linux-Dell-Video)
[    0.040793] ACPI: Added _OSI(Linux-Lenovo-NV-HDMI-Audio)
[    0.040793] ACPI: Added _OSI(Linux-HPI-Hybrid-Graphics)
[    0.044293] ACPI: Executed 34 blocks of module-level executable AML code
[    0.050914] ACPI Exception: Could not find/resolve named package element: \_SB_.PR00 (20170831/dspkginit-381)
[    1.052617] ACPI: Dynamic OEM Table Load:
[    1.052622] ACPI: SSDT 0xFFFF9AB51CBE1000 000738 (v02 PmRef  Cpu0Ist  00003000 INTL 20160422)
[    1.052823] ACPI: Executed 1 blocks of module-level executable AML code
[    1.052893] ACPI: \_PR_.PR00: _OSC native thermal LVT Acked
[    1.054087] ACPI: Dynamic OEM Table Load:
[    1.054090] ACPI: SSDT 0xFFFF9AB51C56C000 0003FF (v02 PmRef  Cpu0Cst  00003001 INTL 20160422)
[    1.054276] ACPI: Executed 1 blocks of module-level executable AML code
[    1.054409] ACPI: Dynamic OEM Table Load:
[    1.054412] ACPI: SSDT 0xFFFF9AB51C607D80 0000BA (v02 PmRef  Cpu0Hwp  00003000 INTL 20160422)
[    1.054570] ACPI: Executed 1 blocks of module-level executable AML code
[    1.054687] ACPI: Dynamic OEM Table Load:
[    1.054690] ACPI: SSDT 0xFFFF9AB51CBE7000 000628 (v02 PmRef  HwpLvt   00003000 INTL 20160422)
[    1.054844] ACPI: Executed 1 blocks of module-level executable AML code
[    1.055280] ACPI: Dynamic OEM Table Load:
[    1.055285] ACPI: SSDT 0xFFFF9AB51E940000 000D14 (v02 PmRef  ApIst    00003000 INTL 20160422)
[    1.056009] ACPI: Executed 1 blocks of module-level executable AML code
[    1.056154] ACPI: Dynamic OEM Table Load:
[    1.056157] ACPI: SSDT 0xFFFF9AB51C56C800 000317 (v02 PmRef  ApHwp    00003000 INTL 20160422)
[    1.056381] ACPI: Executed 1 blocks of module-level executable AML code
[    1.056529] ACPI: Dynamic OEM Table Load:
[    1.056532] ACPI: SSDT 0xFFFF9AB51C56E000 00030A (v02 PmRef  ApCst    00003000 INTL 20160422)
[    1.056758] ACPI: Executed 1 blocks of module-level executable AML code
[    1.059028] ACPI: Interpreter enabled
[    1.059059] ACPI: (supports S0 S3 S4 S5)
[    1.059060] ACPI: Using IOAPIC for interrupt routing
[    1.059089] PCI: Using host bridge windows from ACPI; if necessary, use "pci=nocrs" and report a bug
[    1.059939] ACPI: Enabled 6 GPEs in block 00 to 7F
[    1.082482] ACPI: Power Resource [FN00] (off)
[    1.082561] ACPI: Power Resource [FN01] (off)
[    1.082639] ACPI: Power Resource [FN02] (off)
[    1.082718] ACPI: Power Resource [FN03] (off)
[    1.082796] ACPI: Power Resource [FN04] (off)
[    1.084112] ACPI: PCI Root Bridge [PCI0] (domain 0000 [bus 00-3e])
[    1.084116] acpi PNP0A08:00: _OSC: OS supports [ExtendedConfig ASPM ClockPM Segments MSI]
[    1.084265] acpi PNP0A08:00: _OSC: platform does not support [PCIeHotplug PME]
[    1.084405] acpi PNP0A08:00: _OSC: OS now controls [AER PCIeCapability]
[    1.084405] acpi PNP0A08:00: FADT indicates ASPM is unsupported, using BIOS configuration
[    1.085091] PCI host bridge to bus 0000:00
[    1.085093] pci_bus 0000:00: root bus resource [io  0x0000-0x0cf7 window]
[    1.085094] pci_bus 0000:00: root bus resource [io  0x0d00-0xffff window]
[    1.085095] pci_bus 0000:00: root bus resource [mem 0x000a0000-0x000bffff window]
[    1.085096] pci_bus 0000:00: root bus resource [mem 0xcf800000-0xf7ffffff window]
[    1.085097] pci_bus 0000:00: root bus resource [mem 0xfd000000-0xfe7fffff window]
[    1.085098] pci_bus 0000:00: root bus resource [bus 00-3e]
[    1.085104] pci 0000:00:00.0: [8086:3e1f] type 00 class 0x060000
[    1.085379] pci 0000:00:02.0: [8086:3e91] type 00 class 0x030000
[    1.085386] pci 0000:00:02.0: reg 0x10: [mem 0xf6000000-0xf6ffffff 64bit]
[    1.085390] pci 0000:00:02.0: reg 0x18: [mem 0xe0000000-0xefffffff 64bit pref]
[    1.085393] pci 0000:00:02.0: reg 0x20: [io  0xf000-0xf03f]
[    1.085527] pci 0000:00:08.0: [8086:1911] type 00 class 0x088000
[    1.085535] pci 0000:00:08.0: reg 0x10: [mem 0xf712e000-0xf712efff 64bit]
[    1.085672] pci 0000:00:14.0: [8086:a2af] type 00 class 0x0c0330
[    1.085691] pci 0000:00:14.0: reg 0x10: [mem 0xf7110000-0xf711ffff 64bit]
[    1.085751] pci 0000:00:14.0: PME# supported from D3hot D3cold
[    1.085948] pci 0000:00:16.0: [8086:a2ba] type 00 class 0x078000
[    1.085972] pci 0000:00:16.0: reg 0x10: [mem 0xf712d000-0xf712dfff 64bit]
[    1.086038] pci 0000:00:16.0: PME# supported from D3hot
[    1.086206] pci 0000:00:17.0: [8086:a282] type 00 class 0x010601
[    1.086221] pci 0000:00:17.0: reg 0x10: [mem 0xf7128000-0xf7129fff]
[    1.086228] pci 0000:00:17.0: reg 0x14: [mem 0xf712c000-0xf712c0ff]
[    1.086234] pci 0000:00:17.0: reg 0x18: [io  0xf090-0xf097]
[    1.086241] pci 0000:00:17.0: reg 0x1c: [io  0xf080-0xf083]
[    1.086247] pci 0000:00:17.0: reg 0x20: [io  0xf060-0xf07f]
[    1.086253] pci 0000:00:17.0: reg 0x24: [mem 0xf712b000-0xf712b7ff]
[    1.086288] pci 0000:00:17.0: PME# supported from D3hot
[    1.086417] pci 0000:00:1c.0: [8086:a294] type 01 class 0x060400
[    1.086476] pci 0000:00:1c.0: PME# supported from D0 D3hot D3cold
[    1.086639] pci 0000:00:1c.5: [8086:a295] type 01 class 0x060400
[    1.086697] pci 0000:00:1c.5: PME# supported from D0 D3hot D3cold
[    1.086847] pci 0000:00:1c.6: [8086:a296] type 01 class 0x060400
[    1.086906] pci 0000:00:1c.6: PME# supported from D0 D3hot D3cold
[    1.087053] pci 0000:00:1c.7: [8086:a297] type 01 class 0x060400
[    1.087113] pci 0000:00:1c.7: PME# supported from D0 D3hot D3cold
[    1.087260] pci 0000:00:1d.0: [8086:a298] type 01 class 0x060400
[    1.087326] pci 0000:00:1d.0: PME# supported from D0 D3hot D3cold
[    1.087476] pci 0000:00:1d.2: [8086:a29a] type 01 class 0x060400
[    1.087542] pci 0000:00:1d.2: PME# supported from D0 D3hot D3cold
[    1.087709] pci 0000:00:1f.0: [8086:a2ca] type 00 class 0x060100
[    1.087924] pci 0000:00:1f.2: [8086:a2a1] type 00 class 0x058000
[    1.087939] pci 0000:00:1f.2: reg 0x10: [mem 0xf7124000-0xf7127fff]
[    1.088103] pci 0000:00:1f.3: [8086:a2f0] type 00 class 0x040300
[    1.088130] pci 0000:00:1f.3: reg 0x10: [mem 0xf7120000-0xf7123fff 64bit]
[    1.088160] pci 0000:00:1f.3: reg 0x20: [mem 0xf7100000-0xf710ffff 64bit]
[    1.088205] pci 0000:00:1f.3: PME# supported from D3hot D3cold
[    1.088409] pci 0000:00:1f.4: [8086:a2a3] type 00 class 0x0c0500
[    1.088468] pci 0000:00:1f.4: reg 0x10: [mem 0xf712a000-0xf712a0ff 64bit]
[    1.088537] pci 0000:00:1f.4: reg 0x20: [io  0xf040-0xf05f]
[    1.088772] pci 0000:00:1c.0: PCI bridge to [bus 01]
[    1.088827] pci 0000:00:1c.5: PCI bridge to [bus 02]
[    1.088882] pci 0000:00:1c.6: PCI bridge to [bus 03]
[    1.088960] pci 0000:04:00.0: [10ec:8168] type 00 class 0x020000
[    1.088987] pci 0000:04:00.0: reg 0x10: [io  0xe000-0xe0ff]
[    1.089012] pci 0000:04:00.0: reg 0x18: [mem 0xf7004000-0xf7004fff 64bit]
[    1.089027] pci 0000:04:00.0: reg 0x20: [mem 0xf7000000-0xf7003fff 64bit]
[    1.089117] pci 0000:04:00.0: supports D1 D2
[    1.089118] pci 0000:04:00.0: PME# supported from D0 D1 D2 D3hot D3cold
[    1.089199] pci 0000:00:1c.7: PCI bridge to [bus 04]
[    1.089201] pci 0000:00:1c.7:   bridge window [io  0xe000-0xefff]
[    1.089204] pci 0000:00:1c.7:   bridge window [mem 0xf7000000-0xf70fffff]
[    1.089260] pci 0000:00:1d.0: PCI bridge to [bus 05]
[    1.089317] pci 0000:00:1d.2: PCI bridge to [bus 06]
[    1.090409] ACPI: PCI Interrupt Link [LNKA] (IRQs 3 4 5 6 10 *11 12 14 15)
[    1.090460] ACPI: PCI Interrupt Link [LNKB] (IRQs 3 4 5 6 *10 11 12 14 15)
[    1.090509] ACPI: PCI Interrupt Link [LNKC] (IRQs 3 4 5 6 10 *11 12 14 15)
[    1.090559] ACPI: PCI Interrupt Link [LNKD] (IRQs 3 4 5 6 10 *11 12 14 15)
[    1.090608] ACPI: PCI Interrupt Link [LNKE] (IRQs 3 4 5 6 10 *11 12 14 15)
[    1.090657] ACPI: PCI Interrupt Link [LNKF] (IRQs 3 4 5 6 10 *11 12 14 15)
[    1.090706] ACPI: PCI Interrupt Link [LNKG] (IRQs 3 4 5 6 10 *11 12 14 15)
[    1.090755] ACPI: PCI Interrupt Link [LNKH] (IRQs 3 4 5 6 10 *11 12 14 15)
[    1.091352] SCSI subsystem initialized
[    1.091359] libata version 3.00 loaded.
[    1.091359] pci 0000:00:02.0: vgaarb: setting as boot VGA device
[    1.091359] pci 0000:00:02.0: vgaarb: VGA device added: decodes=io+mem,owns=io+mem,locks=none
[    1.091359] pci 0000:00:02.0: vgaarb: bridge control possible
[    1.091359] vgaarb: loaded
[    1.091359] ACPI: bus type USB registered
[    1.091359] usbcore: registered new interface driver usbfs
[    1.091359] usbcore: registered new interface driver hub
[    1.091359] usbcore: registered new device driver usb
[    1.091359] EDAC MC: Ver: 3.0.0
[    1.091359] PCI: Using ACPI for IRQ routing
[    1.094320] PCI: pci_cache_line_size set to 64 bytes
[    1.094357] e820: reserve RAM buffer [mem 0x0009c800-0x0009ffff]
[    1.094358] e820: reserve RAM buffer [mem 0xbfea8000-0xbfffffff]
[    1.094359] e820: reserve RAM buffer [mem 0xc8ad3000-0xcbffffff]
[    1.094359] e820: reserve RAM buffer [mem 0xc913c000-0xcbffffff]
[    1.094360] e820: reserve RAM buffer [mem 0xca000000-0xcbffffff]
[    1.094361] e820: reserve RAM buffer [mem 0x42f800000-0x42fffffff]
[    1.094418] NetLabel: Initializing
[    1.094418] NetLabel:  domain hash size = 128
[    1.094418] NetLabel:  protocols = UNLABELED CIPSOv4 CALIPSO
[    1.094427] NetLabel:  unlabeled traffic allowed by default
[    1.096382] hpet0: at MMIO 0xfed00000, IRQs 2, 8, 0, 0, 0, 0, 0, 0
[    1.096386] hpet0: 8 comparators, 64-bit 24.000000 MHz counter
[    1.100014] clocksource: Switched to clocksource hpet
[    1.106683] VFS: Disk quotas dquot_6.6.0
[    1.106692] VFS: Dquot-cache hash table entries: 512 (order 0, 4096 bytes)
[    1.106752] AppArmor: AppArmor Filesystem Enabled
[    1.106764] pnp: PnP ACPI init
[    1.106974] system 00:00: [io  0x0a00-0x0a2f] has been reserved
[    1.106976] system 00:00: [io  0x0a30-0x0a3f] has been reserved
[    1.106976] system 00:00: [io  0x0a40-0x0a4f] has been reserved
[    1.106980] system 00:00: Plug and Play ACPI device, IDs PNP0c02 (active)
[    1.107012] pnp 00:01: Plug and Play ACPI device, IDs PNP0303 PNP030b (active)
[    1.107139] system 00:02: [io  0x0680-0x069f] has been reserved
[    1.107140] system 00:02: [io  0xffff] has been reserved
[    1.107141] system 00:02: [io  0xffff] has been reserved
[    1.107142] system 00:02: [io  0xffff] has been reserved
[    1.107143] system 00:02: [io  0x1800-0x18fe] has been reserved
[    1.107144] system 00:02: [io  0x164e-0x164f] has been reserved
[    1.107146] system 00:02: Plug and Play ACPI device, IDs PNP0c02 (active)
[    1.107215] system 00:03: [io  0x0800-0x087f] has been reserved
[    1.107217] system 00:03: Plug and Play ACPI device, IDs PNP0c02 (active)
[    1.107230] pnp 00:04: Plug and Play ACPI device, IDs PNP0b00 (active)
[    1.107255] system 00:05: [io  0x1854-0x1857] has been reserved
[    1.107257] system 00:05: Plug and Play ACPI device, IDs INT3f0d PNP0c02 (active)
[    1.107451] system 00:06: [mem 0xfed10000-0xfed17fff] has been reserved
[    1.107453] system 00:06: [mem 0xfed18000-0xfed18fff] has been reserved
[    1.107454] system 00:06: [mem 0xfed19000-0xfed19fff] has been reserved
[    1.107455] system 00:06: [mem 0xf8000000-0xfbffffff] has been reserved
[    1.107456] system 00:06: [mem 0xfed20000-0xfed3ffff] has been reserved
